 ClientBinaryFile

 Timestamp is 636542e2 (Fri Nov  4 19:50:42 2022)

 Preferred load address is 0000000140000000

 Start         Length     Name                   Class
 0001:00000000 00001d90H .text$di                CODE
 0001:00001d90 00009d00H .text$mn                CODE
 0001:0000ba90 00001040H .text$mn$00             CODE
 0001:0000cad0 00001350H .text$x                 CODE
 0001:0000de20 0000101aH .text$yd                CODE
 0002:00000000 00000110H .CRT$XCA                DATA
 0002:00000110 00000110H .CRT$XCAA               DATA
 0002:00000220 00000110H .CRT$XCL                DATA
 0002:00000330 00000110H .CRT$XCZ                DATA
 0002:00000440 00000110H .CRT$XIA                DATA
 0002:00000550 00000110H .CRT$XIAA               DATA
 0002:00000660 00000110H .CRT$XIAC               DATA
 0002:00000770 00000110H .CRT$XIZ                DATA
 0002:00000880 00000110H .CRT$XPA                DATA
 0002:00000990 00000110H .CRT$XPZ                DATA
 0002:00000aa0 00000110H .CRT$XTA                DATA
 0002:00000bb0 00000110H .CRT$XTZ                DATA
 0002:00000cc0 00002440H .rdata                  DATA
 0002:00003100 00000110H .rdata$CastGuardVftablesA DATA
 0002:00003210 00000110H .rdata$CastGuardVftablesC DATA
 0002:00003320 000003dcH .rdata$r                DATA
 0002:000036fc 000001d4H .rdata$zzzdbg           DATA
 0002:000038d0 00000110H .rtc$IAA                DATA
 0002:000039e0 00000110H .rtc$IMZ                DATA
 0002:00003af0 00000110H .rtc$IZZ                DATA
 0002:00003c00 00000110H .rtc$TAA                DATA
 0002:00003d10 00000110H .rtc$TMZ                DATA
 0002:00003e20 00000110H .rtc$TZZ                DATA
 0002:00003f30 00001008H .xdata                  DATA
 0002:00004f38 00000274H .xdata$x                DATA
 0002:000051ac 00000000H .edata                  DATA
 0003:00000000 00000190H .data                   DATA
 0003:00000190 000001c8H .data$r                 DATA
 0003:00000358 00000128H .data$rs                DATA
 0003:00000480 000007a9H .bss                    DATA
 0004:00000000 00000edcH .pdata                  DATA
 0005:00000000 00000690H .idata$5                DATA
 0005:00000690 00000064H .idata$2                DATA
 0005:000006f4 00000014H .idata$3                DATA
 0005:00000708 00000690H .idata$4                DATA
 0005:00000d98 000011d3H .idata$6                DATA
 0006:00000000 00000151H .00cfg                  DATA
 0007:00000000 00000170H .rsrc$01                DATA
 0007:00000170 000002ccH .rsrc$02                DATA

  Address         Publics by Value              Rva+Base               Lib:Object

 0000:00000000       __guard_eh_cont_table      0000000000000000     <absolute>
 0000:00000000       __guard_fids_count         0000000000000000     <absolute>
 0000:00000000       __guard_iat_count          0000000000000000     <absolute>
 0000:00000000       __guard_longjmp_count      0000000000000000     <absolute>
 0000:00000000       ___safe_se_handler_count   0000000000000000     <absolute>
 0000:00000000       __arm64x_extra_rfe_table   0000000000000000     <absolute>
 0000:00000000       __x64_code_ranges_to_entry_points_count 0000000000000000     <absolute>
 0000:00000000       __guard_fids_table         0000000000000000     <absolute>
 0000:00000000       __dynamic_value_reloc_table 0000000000000000     <absolute>
 0000:00000000       __enclave_config           0000000000000000     <absolute>
 0000:00000000       __guard_iat_table          0000000000000000     <absolute>
 0000:00000000       __arm64x_redirection_metadata 0000000000000000     <absolute>
 0000:00000000       __arm64x_redirection_metadata_count 0000000000000000     <absolute>
 0000:00000000       __arm64x_extra_rfe_table_size 0000000000000000     <absolute>
 0000:00000000       __volatile_metadata        0000000000000000     <absolute>
 0000:00000000       __hybrid_auxiliary_iat     0000000000000000     <absolute>
 0000:00000000       __hybrid_code_map_count    0000000000000000     <absolute>
 0000:00000000       __guard_eh_cont_count      0000000000000000     <absolute>
 0000:00000000       __arm64x_native_entrypoint 0000000000000000     <absolute>
 0000:00000000       __AbsoluteZero             0000000000000000     <absolute>
 0000:00000000       __hybrid_code_map          0000000000000000     <absolute>
 0000:00000000       __guard_check_icall_a64n_fptr 0000000000000000     <absolute>
 0000:00000000       __guard_longjmp_table      0000000000000000     <absolute>
 0000:00000000       __x64_code_ranges_to_entry_points 0000000000000000     <absolute>
 0000:00000000       __hybrid_auxiliary_iat_copy 0000000000000000     <absolute>
 0000:00000000       ___safe_se_handler_table   0000000000000000     <absolute>
 0000:00000100       __guard_flags              0000000000000100     <absolute>
 0000:00000000       __ImageBase                0000000140000000     <linker-defined>
 0001:00001d90       ?WriteModel@@YAXPEAU_iobuf@@UModel@@@Z 0000000140002d90 f   ClientBinaryFile.obj
 0001:00001de0       ?ReadResult@@YAXPEAU_iobuf@@@Z 0000000140002de0 f   ClientBinaryFile.obj
 0001:00001f80       ?SetLocale@@YAXXZ          0000000140002f80 f   ClientBinaryFile.obj
 0001:00002000       main                       0000000140003000 f   ClientBinaryFile.obj
 0001:00002380       ??$?0$$V@?$_Compressed_pair@V?$allocator@_W@std@@V?$_String_val@U?$_Simple_types@_W@std@@@2@$00@std@@QEAA@U_Zero_then_variadic_args_t@1@@Z 0000000140003380 f i ClientBinaryFile.obj
 0001:000023c0       ??$?0AEAPEAV_Facet_base@std@@@?$_Compressed_pair@U?$default_delete@V_Facet_base@std@@@std@@PEAV_Facet_base@2@$00@std@@QEAA@U_Zero_then_variadic_args_t@1@AEAPEAV_Facet_base@1@@Z 00000001400033c0 f i ClientBinaryFile.obj
 0001:00002400       ??$?0U?$default_delete@V_Facet_base@std@@@std@@$0A@@?$unique_ptr@V_Facet_base@std@@U?$default_delete@V_Facet_base@std@@@2@@std@@QEAA@PEAV_Facet_base@1@@Z 0000000140003400 f i ClientBinaryFile.obj
 0001:00002440       ??$?0_W@?$allocator@U_Container_proxy@std@@@std@@QEAA@AEBV?$allocator@_W@1@@Z 0000000140003440 f i ClientBinaryFile.obj
 0001:00002460       ??$?5_WU?$char_traits@_W@std@@V?$allocator@_W@1@@std@@YAAEAV?$basic_istream@_WU?$char_traits@_W@std@@@0@$$QEAV10@AEAV?$basic_string@_WU?$char_traits@_W@std@@V?$allocator@_W@2@@0@@Z 0000000140003460 f i ClientBinaryFile.obj
 0001:00002910       ??$?5_WU?$char_traits@_W@std@@V?$allocator@_W@1@@std@@YAAEAV?$basic_istream@_WU?$char_traits@_W@std@@@0@AEAV10@AEAV?$basic_string@_WU?$char_traits@_W@std@@V?$allocator@_W@2@@0@@Z 0000000140003910 f i ClientBinaryFile.obj
 0001:00002950       ??$?6_WU?$char_traits@_W@std@@@std@@YAAEAV?$basic_ostream@_WU?$char_traits@_W@std@@@0@AEAV10@PEB_W@Z 0000000140003950 f i ClientBinaryFile.obj
 0001:00002ea0       ??$?8_WU?$char_traits@_W@std@@V?$allocator@_W@1@@std@@YA_NAEBV?$basic_string@_WU?$char_traits@_W@std@@V?$allocator@_W@2@@0@QEB_W@Z 0000000140003ea0 f i ClientBinaryFile.obj
 0001:00002ed0       ??$_Alloc_proxy@V?$allocator@U_Container_proxy@std@@@std@@@_Container_base12@std@@QEAAX$$QEAV?$allocator@U_Container_proxy@std@@@1@@Z 0000000140003ed0 f i ClientBinaryFile.obj
 0001:00002f50       ??$_Allocate@$0BA@U_Default_allocate_traits@std@@$0A@@std@@YAPEAX_K@Z 0000000140003f50 f i ClientBinaryFile.obj
 0001:00002fa0       ??$_Allocate_manually_vector_aligned@U_Default_allocate_traits@std@@@std@@YAPEAX_K@Z 0000000140003fa0 f i ClientBinaryFile.obj
 0001:000030f0       ??$_Construct_in_place@PEA_WAEBQEA_W@std@@YAXAEAPEA_WAEBQEA_W@Z 00000001400040f0 f i ClientBinaryFile.obj
 0001:00003160       ??$_Construct_in_place@U_Container_proxy@std@@PEAU_Container_base12@2@@std@@YAXAEAU_Container_proxy@0@$$QEAPEAU_Container_base12@0@@Z 0000000140004160 f i ClientBinaryFile.obj
 0001:000031d0       ??$_Deallocate@$0BA@$0A@@std@@YAXPEAX_K@Z 00000001400041d0 f i ClientBinaryFile.obj
 0001:00003220       ??$_Deallocate_plain@V?$allocator@U_Container_proxy@std@@@std@@@std@@YAXAEAV?$allocator@U_Container_proxy@std@@@0@QEAU_Container_proxy@0@@Z 0000000140004220 f i ClientBinaryFile.obj
 0001:00003260       ??$_Delete_plain_internal@V?$allocator@U_Container_proxy@std@@@std@@@std@@YAXAEAV?$allocator@U_Container_proxy@std@@@0@QEAU_Container_proxy@0@@Z 0000000140004260 f i ClientBinaryFile.obj
 0001:00003290       ??$_Destroy_in_place@PEA_W@std@@YAXAEAPEA_W@Z 0000000140004290 f i ClientBinaryFile.obj
 0001:000032a0       ??$_Get_size_of_n@$01@std@@YA_K_K@Z 00000001400042a0 f i ClientBinaryFile.obj
 0001:00003300       ??$_Get_size_of_n@$0BA@@std@@YA_K_K@Z 0000000140004300 f i ClientBinaryFile.obj
 0001:00003350       ??$_Getvals@_W@?$time_get@DV?$istreambuf_iterator@DU?$char_traits@D@std@@@std@@@std@@IEAAX_WAEBV_Locinfo@1@@Z 0000000140004350 f i ClientBinaryFile.obj
 0001:00003500       ??$_Getvals@_W@?$time_get@_WV?$istreambuf_iterator@_WU?$char_traits@_W@std@@@std@@@std@@IEAAX_WAEBV_Locinfo@1@@Z 0000000140004500 f i ClientBinaryFile.obj
 0001:000036b0       ??$_Maklocstr@D@std@@YAPEADPEBDPEADAEBU_Cvtvec@@@Z 00000001400046b0 f i ClientBinaryFile.obj
 0001:000037a0       ??$_Maklocstr@_W@std@@YAPEA_WPEBDPEA_WAEBU_Cvtvec@@@Z 00000001400047a0 f i ClientBinaryFile.obj
 0001:00003a90       ??$_Reallocate_grow_by@V<lambda_25953b27f3c43b57ba59f021c7f225c5>@@_W@?$basic_string@_WU?$char_traits@_W@std@@V?$allocator@_W@2@@std@@AEAAAEAV01@_KV<lambda_25953b27f3c43b57ba59f021c7f225c5>@@_W@Z 0000000140004a90 f i ClientBinaryFile.obj
 0001:00003d40       ??$_Traits_equal@U?$char_traits@_W@std@@@std@@YA_NQEB_W_K01@Z 0000000140004d40 f i ClientBinaryFile.obj
 0001:00003db0       ??$_Unfancy@U_Container_proxy@std@@@std@@YAPEAU_Container_proxy@0@PEAU10@@Z 0000000140004db0 f i ClientBinaryFile.obj
 0001:00003dc0       ??$_Unfancy@_W@std@@YAPEA_WPEA_W@Z 0000000140004dc0 f i ClientBinaryFile.obj
 0001:00003dd0       ??$_Voidify_iter@PEAPEA_W@std@@YAPEAXPEAPEA_W@Z 0000000140004dd0 f i ClientBinaryFile.obj
 0001:00003de0       ??$_Voidify_iter@PEAU_Container_proxy@std@@@std@@YAPEAXPEAU_Container_proxy@0@@Z 0000000140004de0 f i ClientBinaryFile.obj
 0001:00003df0       ??$addressof@PEA_W@std@@YAPEAPEA_WAEAPEA_W@Z 0000000140004df0 f i ClientBinaryFile.obj
 0001:00003e00       ??$addressof@U_Container_proxy@std@@@std@@YAPEAU_Container_proxy@0@AEAU10@@Z 0000000140004e00 f i ClientBinaryFile.obj
 0001:00003e10       ??$endl@_WU?$char_traits@_W@std@@@std@@YAAEAV?$basic_ostream@_WU?$char_traits@_W@std@@@0@AEAV10@@Z 0000000140004e10 f i ClientBinaryFile.obj
 0001:00003e80       ??$exchange@PEAV_Facet_base@std@@$$T@std@@YAPEAV_Facet_base@0@AEAPEAV10@$$QEA$$T@Z 0000000140004e80 f i ClientBinaryFile.obj
 0001:00003ed0       ??$forward@AEAPEAV_Facet_base@std@@@std@@YAAEAPEAV_Facet_base@0@AEAPEAV10@@Z 0000000140004ed0 f i ClientBinaryFile.obj
 0001:00003ee0       ??$forward@AEBQEA_W@std@@YAAEBQEA_WAEBQEA_W@Z 0000000140004ee0 f i ClientBinaryFile.obj
 0001:00003ef0       ??$forward@PEAU_Container_base12@std@@@std@@YA$$QEAPEAU_Container_base12@0@AEAPEAU10@@Z 0000000140004ef0 f i ClientBinaryFile.obj
 0001:00003f00       ??$max@_K@std@@YAAEB_KAEB_K0@Z 0000000140004f00 f i ClientBinaryFile.obj
 0001:00003f60       ??$min@_K@std@@YAAEB_KAEB_K0@Z 0000000140004f60 f i ClientBinaryFile.obj
 0001:00003fc0       ??$move@AEAV?$basic_istream@_WU?$char_traits@_W@std@@@std@@@std@@YA$$QEAV?$basic_istream@_WU?$char_traits@_W@std@@@0@AEAV10@@Z 0000000140004fc0 f i ClientBinaryFile.obj
 0001:00003fd0       ??$use_facet@V?$ctype@_W@std@@@std@@YAAEBV?$ctype@_W@0@AEBVlocale@0@@Z 0000000140004fd0 f i ClientBinaryFile.obj
 0001:000041b0       ??0?$_String_val@U?$_Simple_types@_W@std@@@std@@QEAA@XZ 00000001400051b0 f i ClientBinaryFile.obj
 0001:00004210       ??0?$allocator@_W@std@@QEAA@XZ 0000000140005210 f i ClientBinaryFile.obj
 0001:00004220       ??0?$basic_string@_WU?$char_traits@_W@std@@V?$allocator@_W@2@@std@@QEAA@XZ 0000000140005220 f i ClientBinaryFile.obj
 0001:00004290       ??0_Bxty@?$_String_val@U?$_Simple_types@_W@std@@@std@@QEAA@XZ 0000000140005290 f i ClientBinaryFile.obj
 0001:000042b0       ??0_Container_base12@std@@QEAA@XZ 00000001400052b0 f i ClientBinaryFile.obj
 0001:000042d0       ??0_Container_proxy@std@@QEAA@PEAU_Container_base12@1@@Z 00000001400052d0 f i ClientBinaryFile.obj
 0001:00004310       ??0_Sentry_base@?$basic_istream@_WU?$char_traits@_W@std@@@std@@QEAA@AEAV12@@Z 0000000140005310 f i ClientBinaryFile.obj
 0001:000043a0       ??0_Sentry_base@?$basic_ostream@_WU?$char_traits@_W@std@@@std@@QEAA@AEAV12@@Z 00000001400053a0 f i ClientBinaryFile.obj
 0001:00004430       ??0bad_alloc@std@@AEAA@QEBD@Z 0000000140005430 f i ClientBinaryFile.obj
 0001:00004480       ??0bad_alloc@std@@QEAA@AEBV01@@Z 0000000140005480 f i ClientBinaryFile.obj
 0001:000044d0       ??0bad_array_new_length@std@@QEAA@AEBV01@@Z 00000001400054d0 f i ClientBinaryFile.obj
 0001:00004520       ??0bad_array_new_length@std@@QEAA@XZ 0000000140005520 f i ClientBinaryFile.obj
 0001:00004570       ??0bad_cast@std@@QEAA@AEBV01@@Z 0000000140005570 f i ClientBinaryFile.obj
 0001:000045c0       ??0bad_cast@std@@QEAA@XZ   00000001400055c0 f i ClientBinaryFile.obj
 0001:00004610       ??0exception@std@@QEAA@AEBV01@@Z 0000000140005610 f i ClientBinaryFile.obj
 0001:00004680       ??0exception@std@@QEAA@QEBDH@Z 0000000140005680 f i ClientBinaryFile.obj
 0001:000046e0       ??0sentry@?$basic_istream@_WU?$char_traits@_W@std@@@std@@QEAA@AEAV12@_N@Z 00000001400056e0 f i ClientBinaryFile.obj
 0001:00004740       ??0sentry@?$basic_ostream@_WU?$char_traits@_W@std@@@std@@QEAA@AEAV12@@Z 0000000140005740 f i ClientBinaryFile.obj
 0001:00004850       ??1?$_Compressed_pair@V?$allocator@_W@std@@V?$_String_val@U?$_Simple_types@_W@std@@@2@$00@std@@QEAA@XZ 0000000140005850 f i ClientBinaryFile.obj
 0001:00004880       ??1?$_String_val@U?$_Simple_types@_W@std@@@std@@QEAA@XZ 0000000140005880 f i ClientBinaryFile.obj
 0001:000048b0       ??1?$basic_string@_WU?$char_traits@_W@std@@V?$allocator@_W@2@@std@@QEAA@XZ 00000001400058b0 f i ClientBinaryFile.obj
 0001:00004990       ??1?$unique_ptr@V_Facet_base@std@@U?$default_delete@V_Facet_base@std@@@2@@std@@QEAA@XZ 0000000140005990 f i ClientBinaryFile.obj
 0001:000049e0       ??1_Bxty@?$_String_val@U?$_Simple_types@_W@std@@@std@@QEAA@XZ 00000001400059e0 f i ClientBinaryFile.obj
 0001:000049f0       ??1_Sentry_base@?$basic_istream@_WU?$char_traits@_W@std@@@std@@QEAA@XZ 00000001400059f0 f i ClientBinaryFile.obj
 0001:00004a70       ??1_Sentry_base@?$basic_ostream@_WU?$char_traits@_W@std@@@std@@QEAA@XZ 0000000140005a70 f i ClientBinaryFile.obj
 0001:00004af0       ??1bad_alloc@std@@UEAA@XZ  0000000140005af0 f i ClientBinaryFile.obj
 0001:00004b10       ??1bad_array_new_length@std@@UEAA@XZ 0000000140005b10 f i ClientBinaryFile.obj
 0001:00004b30       ??1bad_cast@std@@UEAA@XZ   0000000140005b30 f i ClientBinaryFile.obj
 0001:00004b50       ??1exception@std@@UEAA@XZ  0000000140005b50 f i ClientBinaryFile.obj
 0001:00004b90       ??1locale@std@@QEAA@XZ     0000000140005b90 f i ClientBinaryFile.obj
 0001:00004c10       ??1sentry@?$basic_istream@_WU?$char_traits@_W@std@@@std@@QEAA@XZ 0000000140005c10 f i ClientBinaryFile.obj
 0001:00004c30       ??1sentry@?$basic_ostream@_WU?$char_traits@_W@std@@@std@@QEAA@XZ 0000000140005c30 f i ClientBinaryFile.obj
 0001:00004ca0       ??2@YAPEAX_KPEAX@Z         0000000140005ca0 f i ClientBinaryFile.obj
 0001:00004cc0       ??Bsentry@?$basic_istream@_WU?$char_traits@_W@std@@@std@@QEBA_NXZ 0000000140005cc0 f i ClientBinaryFile.obj
 0001:00004ce0       ??Bsentry@?$basic_ostream@_WU?$char_traits@_W@std@@@std@@QEBA_NXZ 0000000140005ce0 f i ClientBinaryFile.obj
 0001:00004d00       ??R<lambda_25953b27f3c43b57ba59f021c7f225c5>@@QEBA@QEA_WQEB_W_K_W@Z 0000000140005d00 f i ClientBinaryFile.obj
 0001:00004d90       ??R?$default_delete@V_Facet_base@std@@@std@@QEBAXPEAV_Facet_base@1@@Z 0000000140005d90 f i ClientBinaryFile.obj
 0001:00004df0       ??_Ebad_alloc@std@@UEAAPEAXI@Z 0000000140005df0 f i ClientBinaryFile.obj
 0001:00004df0       ??_Gbad_alloc@std@@UEAAPEAXI@Z 0000000140005df0 f i ClientBinaryFile.obj
 0001:00004e40       ??_Gbad_array_new_length@std@@UEAAPEAXI@Z 0000000140005e40 f i ClientBinaryFile.obj
 0001:00004e40       ??_Ebad_array_new_length@std@@UEAAPEAXI@Z 0000000140005e40 f i ClientBinaryFile.obj
 0001:00004e90       ??_Ebad_cast@std@@UEAAPEAXI@Z 0000000140005e90 f i ClientBinaryFile.obj
 0001:00004e90       ??_Gbad_cast@std@@UEAAPEAXI@Z 0000000140005e90 f i ClientBinaryFile.obj
 0001:00004ee0       ??_Gexception@std@@UEAAPEAXI@Z 0000000140005ee0 f i ClientBinaryFile.obj
 0001:00004ee0       ??_Eexception@std@@UEAAPEAXI@Z 0000000140005ee0 f i ClientBinaryFile.obj
 0001:00004f30       ?_Adjust_manually_vector_aligned@std@@YAXAEAPEAXAEA_K@Z 0000000140005f30 f i ClientBinaryFile.obj
 0001:00005130       ?_Allocate@_Default_allocate_traits@std@@SAPEAX_K@Z 0000000140006130 f i ClientBinaryFile.obj
 0001:00005150       ?_Calculate_growth@?$basic_string@_WU?$char_traits@_W@std@@V?$allocator@_W@2@@std@@AEBA_K_K@Z 0000000140006150 f i ClientBinaryFile.obj
 0001:000051a0       ?_Calculate_growth@?$basic_string@_WU?$char_traits@_W@std@@V?$allocator@_W@2@@std@@CA_K_K00@Z 00000001400061a0 f i ClientBinaryFile.obj
 0001:000052c0       ?_Check_offset@?$_String_val@U?$_Simple_types@_W@std@@@std@@QEBAX_K@Z 00000001400062c0 f i ClientBinaryFile.obj
 0001:00005300       ?_Eos@?$basic_string@_WU?$char_traits@_W@std@@V?$allocator@_W@2@@std@@AEAAX_K@Z 0000000140006300 f i ClientBinaryFile.obj
 0001:00005360       ?_Equal@?$basic_string@_WU?$char_traits@_W@std@@V?$allocator@_W@2@@std@@QEBA_NQEB_W@Z 0000000140006360 f i ClientBinaryFile.obj
 0001:000053c0       ?_Get_first@?$_Compressed_pair@U?$default_delete@V_Facet_base@std@@@std@@PEAV_Facet_base@2@$00@std@@QEAAAEAU?$default_delete@V_Facet_base@std@@@2@XZ 00000001400063c0 f i ClientBinaryFile.obj
 0001:000053d0       ?_Get_first@?$_Compressed_pair@V?$allocator@_W@std@@V?$_String_val@U?$_Simple_types@_W@std@@@2@$00@std@@QEAAAEAV?$allocator@_W@2@XZ 00000001400063d0 f i ClientBinaryFile.obj
 0001:000053e0       ?_Get_first@?$_Compressed_pair@V?$allocator@_W@std@@V?$_String_val@U?$_Simple_types@_W@std@@@2@$00@std@@QEBAAEBV?$allocator@_W@2@XZ 00000001400063e0 f i ClientBinaryFile.obj
 0001:000053f0       ?_Getal@?$basic_string@_WU?$char_traits@_W@std@@V?$allocator@_W@2@@std@@AEAAAEAV?$allocator@_W@2@XZ 00000001400063f0 f i ClientBinaryFile.obj
 0001:00005420       ?_Getal@?$basic_string@_WU?$char_traits@_W@std@@V?$allocator@_W@2@@std@@AEBAAEBV?$allocator@_W@2@XZ 0000000140006420 f i ClientBinaryFile.obj
 0001:00005450       ?_Getfacet@locale@std@@QEBAPEBVfacet@12@_K@Z 0000000140006450 f i ClientBinaryFile.obj
 0001:00005530       ?_Large_string_engaged@?$_String_val@U?$_Simple_types@_W@std@@@std@@QEBA_NXZ 0000000140006530 f i ClientBinaryFile.obj
 0001:00005570       ?_Maklocwcs@std@@YAPEA_WPEB_W@Z 0000000140006570 f i ClientBinaryFile.obj
 0001:00005600       ?_Myptr@?$_String_val@U?$_Simple_types@_W@std@@@std@@QEAAPEA_WXZ 0000000140006600 f i ClientBinaryFile.obj
 0001:00005660       ?_Myptr@?$_String_val@U?$_Simple_types@_W@std@@@std@@QEBAPEB_WXZ 0000000140006660 f i ClientBinaryFile.obj
 0001:000056c0       ?_Orphan_all@_Container_base12@std@@QEAAXXZ 00000001400066c0 f i ClientBinaryFile.obj
 0001:000056e0       ?_Orphan_all_locked_v3@_Container_base12@std@@AEAAXXZ 00000001400066e0 f i ClientBinaryFile.obj
 0001:00005780       ?_Orphan_all_unlocked_v3@_Container_base12@std@@AEAAXXZ 0000000140006780 f i ClientBinaryFile.obj
 0001:00005810       ?_Throw_bad_array_new_length@std@@YAXXZ 0000000140006810 f i ClientBinaryFile.obj
 0001:00005840       ?_Throw_bad_cast@std@@YAXXZ 0000000140006840 f i ClientBinaryFile.obj
 0001:00005870       ?_Tidy_deallocate@?$basic_string@_WU?$char_traits@_W@std@@V?$allocator@_W@2@@std@@AEAAXXZ 0000000140006870 f i ClientBinaryFile.obj
 0001:00005960       ?_Tidy_init@?$basic_string@_WU?$char_traits@_W@std@@V?$allocator@_W@2@@std@@AEAAXXZ 0000000140006960 f i ClientBinaryFile.obj
 0001:000059e0       ?_Xlen_string@std@@YAXXZ   00000001400069e0 f i ClientBinaryFile.obj
 0001:00005a00       ?_Xran@?$_String_val@U?$_Simple_types@_W@std@@@std@@SAXXZ 0000000140006a00 f i ClientBinaryFile.obj
 0001:00005a20       ?__autoclassinit2@?$unique_ptr@V_Facet_base@std@@U?$default_delete@V_Facet_base@std@@@2@@std@@QEAAX_K@Z 0000000140006a20 f i ClientBinaryFile.obj
 0001:00005a50       ?__empty_global_delete@@YAXPEAX@Z 0000000140006a50 f i ClientBinaryFile.obj
 0001:00005a60       ?__global_delete@@YAXPEAX_K@Z 0000000140006a60 f i ClientBinaryFile.obj
 0001:00005a60       ?__empty_global_delete@@YAXPEAX_K@Z 0000000140006a60 f i ClientBinaryFile.obj
 0001:00005a70       ?allocate@?$allocator@U_Container_proxy@std@@@std@@QEAAPEAU_Container_proxy@2@_K@Z 0000000140006a70 f i ClientBinaryFile.obj
 0001:00005aa0       ?allocate@?$allocator@_W@std@@QEAAPEA_W_K@Z 0000000140006aa0 f i ClientBinaryFile.obj
 0001:00005ad0       ?assign@?$_WChar_traits@_W@std@@SAXAEA_WAEB_W@Z 0000000140006ad0 f i ClientBinaryFile.obj
 0001:00005b00       ?compare@?$_WChar_traits@_W@std@@SAHQEB_W0_K@Z 0000000140006b00 f i ClientBinaryFile.obj
 0001:00005b40       ?copy@?$_Char_traits@_WG@std@@SAPEA_WQEA_WQEB_W_K@Z 0000000140006b40 f i ClientBinaryFile.obj
 0001:00005b90       ?deallocate@?$_Default_allocator_traits@V?$allocator@U_Container_proxy@std@@@std@@@std@@SAXAEAV?$allocator@U_Container_proxy@std@@@2@QEAU_Container_proxy@2@_K@Z 0000000140006b90 f i ClientBinaryFile.obj
 0001:00005bd0       ?deallocate@?$allocator@_W@std@@QEAAXQEA_W_K@Z 0000000140006bd0 f i ClientBinaryFile.obj
 0001:00005c10       ?eof@?$_WChar_traits@_W@std@@SAGXZ 0000000140006c10 f i ClientBinaryFile.obj
 0001:00005c20       ?eq_int_type@?$_WChar_traits@_W@std@@SA_NAEBG0@Z 0000000140006c20 f i ClientBinaryFile.obj
 0001:00005c70       ?erase@?$basic_string@_WU?$char_traits@_W@std@@V?$allocator@_W@2@@std@@QEAAAEAV12@_K@Z 0000000140006c70 f i ClientBinaryFile.obj
 0001:00005cc0       ?length@?$_WChar_traits@_W@std@@SA_KPEB_W@Z 0000000140006cc0 f i ClientBinaryFile.obj
 0001:00005cf0       ?max@?$numeric_limits@_J@std@@SA_JXZ 0000000140006cf0 f i ClientBinaryFile.obj
 0001:00005d10       ?max_size@?$_Default_allocator_traits@V?$allocator@_W@std@@@std@@SA_KAEBV?$allocator@_W@2@@Z 0000000140006d10 f i ClientBinaryFile.obj
 0001:00005d30       ?max_size@?$basic_string@_WU?$char_traits@_W@std@@V?$allocator@_W@2@@std@@QEBA_KXZ 0000000140006d30 f i ClientBinaryFile.obj
 0001:00005e20       ?push_back@?$basic_string@_WU?$char_traits@_W@std@@V?$allocator@_W@2@@std@@QEAAX_W@Z 0000000140006e20 f i ClientBinaryFile.obj
 0001:00005f20       ?release@?$unique_ptr@V_Facet_base@std@@U?$default_delete@V_Facet_base@std@@@2@@std@@QEAAPEAV_Facet_base@2@XZ 0000000140006f20 f i ClientBinaryFile.obj
 0001:00005f60       ?to_char_type@?$_WChar_traits@_W@std@@SA_WAEBG@Z 0000000140006f60 f i ClientBinaryFile.obj
 0001:00005f80       ?what@exception@std@@UEBAPEBDXZ 0000000140006f80 f i ClientBinaryFile.obj
 0001:00005fd0       wmemcmp                    0000000140006fd0 f i ClientBinaryFile.obj
 0001:00006090       wmemcpy                    0000000140007090 f i ClientBinaryFile.obj
 0001:000060d1       ??0_Lockit@std@@QEAA@H@Z   00000001400070d1 f   msvcprtd:MSVCP140D.dll
 0001:000060d7       ??1_Lockit@std@@QEAA@XZ    00000001400070d7 f   msvcprtd:MSVCP140D.dll
 0001:000060dd       ?_Xbad_alloc@std@@YAXXZ    00000001400070dd f   msvcprtd:MSVCP140D.dll
 0001:000060e3       ?_Xlength_error@std@@YAXPEBD@Z 00000001400070e3 f   msvcprtd:MSVCP140D.dll
 0001:000060e9       ?_Xout_of_range@std@@YAXPEBD@Z 00000001400070e9 f   msvcprtd:MSVCP140D.dll
 0001:000060ef       ?uncaught_exception@std@@YA_NXZ 00000001400070ef f   msvcprtd:MSVCP140D.dll
 0001:00006100       ??0_Fac_node@std@@QEAA@PEAU01@PEAV_Facet_base@1@@Z 0000000140007100 f i msvcprtd:locale0_implib.obj
 0001:00006140       ??1_Fac_node@std@@QEAA@XZ  0000000140007140 f i msvcprtd:locale0_implib.obj
 0001:000061f0       ??1_Fac_tidy_reg_t@std@@QEAA@XZ 00000001400071f0 f i msvcprtd:locale0_implib.obj
 0001:00006270       ??2_Fac_node@std@@SAPEAX_K@Z 0000000140007270 f i msvcprtd:locale0_implib.obj
 0001:000062f0       ??3_Fac_node@std@@SAXPEAX@Z 00000001400072f0 f i msvcprtd:locale0_implib.obj
 0001:00006320       ??_G_Fac_node@std@@QEAAPEAXI@Z 0000000140007320 f i msvcprtd:locale0_implib.obj
 0001:00006390       ?_Facet_Register@std@@YAXPEAV_Facet_base@1@@Z 0000000140007390 f   msvcprtd:locale0_implib.obj
 0001:00006410       ?__empty_global_delete@@YAXPEAXW4align_val_t@std@@@Z 0000000140007410 f i msvcprtd:locale0_implib.obj
 0001:00006420       ?__empty_global_delete@@YAXPEAX_KW4align_val_t@std@@@Z 0000000140007420 f i msvcprtd:locale0_implib.obj
 0001:00006434       _Mbrtowc                   0000000140007434 f   msvcprtd:MSVCP140D.dll
 0001:0000643a       ?_Getcvt@_Locinfo@std@@QEBA?AU_Cvtvec@@XZ 000000014000743a f   msvcprtd:MSVCP140D.dll
 0001:00006440       ?_Getdays@_Locinfo@std@@QEBAPEBDXZ 0000000140007440 f   msvcprtd:MSVCP140D.dll
 0001:00006446       ?_Getmonths@_Locinfo@std@@QEBAPEBDXZ 0000000140007446 f   msvcprtd:MSVCP140D.dll
 0001:0000644c       ?_W_Getdays@_Locinfo@std@@QEBAPEBGXZ 000000014000744c f   msvcprtd:MSVCP140D.dll
 0001:00006452       ?_W_Getmonths@_Locinfo@std@@QEBAPEBGXZ 0000000140007452 f   msvcprtd:MSVCP140D.dll
 0001:00006458       ??Bid@locale@std@@QEAA_KXZ 0000000140007458 f   msvcprtd:MSVCP140D.dll
 0001:0000645e       ?_Getgloballocale@locale@std@@CAPEAV_Locimp@12@XZ 000000014000745e f   msvcprtd:MSVCP140D.dll
 0001:00006464       ?is@?$ctype@_W@std@@QEBA_NF_W@Z 0000000140007464 f   msvcprtd:MSVCP140D.dll
 0001:0000646a       ?_Getcat@?$ctype@_W@std@@SA_KPEAPEBVfacet@locale@2@PEBV42@@Z 000000014000746a f   msvcprtd:MSVCP140D.dll
 0001:00006470       ?good@ios_base@std@@QEBA_NXZ 0000000140007470 f   msvcprtd:MSVCP140D.dll
 0001:00006476       ?flags@ios_base@std@@QEBAHXZ 0000000140007476 f   msvcprtd:MSVCP140D.dll
 0001:0000647c       ?width@ios_base@std@@QEBA_JXZ 000000014000747c f   msvcprtd:MSVCP140D.dll
 0001:00006482       ?width@ios_base@std@@QEAA_J_J@Z 0000000140007482 f   msvcprtd:MSVCP140D.dll
 0001:00006488       ?getloc@ios_base@std@@QEBA?AVlocale@2@XZ 0000000140007488 f   msvcprtd:MSVCP140D.dll
 0001:0000648e       ?sgetc@?$basic_streambuf@_WU?$char_traits@_W@std@@@std@@QEAAGXZ 000000014000748e f   msvcprtd:MSVCP140D.dll
 0001:00006494       ?snextc@?$basic_streambuf@_WU?$char_traits@_W@std@@@std@@QEAAGXZ 0000000140007494 f   msvcprtd:MSVCP140D.dll
 0001:0000649a       ?sputc@?$basic_streambuf@_WU?$char_traits@_W@std@@@std@@QEAAG_W@Z 000000014000749a f   msvcprtd:MSVCP140D.dll
 0001:000064a0       ?sputn@?$basic_streambuf@_WU?$char_traits@_W@std@@@std@@QEAA_JPEB_W_J@Z 00000001400074a0 f   msvcprtd:MSVCP140D.dll
 0001:000064a6       ?setstate@?$basic_ios@_WU?$char_traits@_W@std@@@std@@QEAAXH_N@Z 00000001400074a6 f   msvcprtd:MSVCP140D.dll
 0001:000064ac       ?tie@?$basic_ios@_WU?$char_traits@_W@std@@@std@@QEBAPEAV?$basic_ostream@_WU?$char_traits@_W@std@@@2@XZ 00000001400074ac f   msvcprtd:MSVCP140D.dll
 0001:000064b2       ?rdbuf@?$basic_ios@_WU?$char_traits@_W@std@@@std@@QEBAPEAV?$basic_streambuf@_WU?$char_traits@_W@std@@@2@XZ 00000001400074b2 f   msvcprtd:MSVCP140D.dll
 0001:000064b8       ?fill@?$basic_ios@_WU?$char_traits@_W@std@@@std@@QEBA_WXZ 00000001400074b8 f   msvcprtd:MSVCP140D.dll
 0001:000064be       ?widen@?$basic_ios@_WU?$char_traits@_W@std@@@std@@QEBA_WD@Z 00000001400074be f   msvcprtd:MSVCP140D.dll
 0001:000064c4       ?_Osfx@?$basic_ostream@_WU?$char_traits@_W@std@@@std@@QEAAXXZ 00000001400074c4 f   msvcprtd:MSVCP140D.dll
 0001:000064ca       ??6?$basic_ostream@_WU?$char_traits@_W@std@@@std@@QEAAAEAV01@P6AAEAV01@AEAV01@@Z@Z 00000001400074ca f   msvcprtd:MSVCP140D.dll
 0001:000064d0       ??6?$basic_ostream@_WU?$char_traits@_W@std@@@std@@QEAAAEAV01@N@Z 00000001400074d0 f   msvcprtd:MSVCP140D.dll
 0001:000064d6       ?put@?$basic_ostream@_WU?$char_traits@_W@std@@@std@@QEAAAEAV12@_W@Z 00000001400074d6 f   msvcprtd:MSVCP140D.dll
 0001:000064dc       ?flush@?$basic_ostream@_WU?$char_traits@_W@std@@@std@@QEAAAEAV12@XZ 00000001400074dc f   msvcprtd:MSVCP140D.dll
 0001:000064e2       ?_Ipfx@?$basic_istream@_WU?$char_traits@_W@std@@@std@@QEAA_N_N@Z 00000001400074e2 f   msvcprtd:MSVCP140D.dll
 0001:000064e8       ??5?$basic_istream@_WU?$char_traits@_W@std@@@std@@QEAAAEAV01@AEAH@Z 00000001400074e8 f   msvcprtd:MSVCP140D.dll
 0001:000064ee       ??5?$basic_istream@_WU?$char_traits@_W@std@@@std@@QEAAAEAV01@AEAN@Z 00000001400074ee f   msvcprtd:MSVCP140D.dll
 0001:00006500       ??2@YAPEAX_K@Z             0000000140007500 f   MSVCRTD:new_scalar.obj
 0001:00006570       ??3@YAXPEAX_K@Z            0000000140007570 f   MSVCRTD:delete_scalar_size.obj
 0001:000065a0       _RTC_AllocaHelper          00000001400075a0 f   MSVCRTD:stack.obj
 0001:000065f0       _RTC_CheckStackVars        00000001400075f0 f   MSVCRTD:stack.obj
 0001:000066a0       _RTC_CheckStackVars2       00000001400076a0 f   MSVCRTD:stack.obj
 0001:000067f0       _CRT_RTC_INIT              00000001400077f0 f   MSVCRTD:init.obj
 0001:00006800       _CRT_RTC_INITW             0000000140007800 f   MSVCRTD:init.obj
 0001:00006810       _RTC_InitBase              0000000140007810 f   MSVCRTD:init.obj
 0001:00006860       _RTC_Shutdown              0000000140007860 f   MSVCRTD:init.obj
 0001:00006890       __GSHandlerCheck           0000000140007890 f   MSVCRTD:gshandler.obj
 0001:000068e0       __GSHandlerCheckCommon     00000001400078e0 f   MSVCRTD:gshandler.obj
 0001:00006a20       __GSHandlerCheck_EH4       0000000140007a20 f   MSVCRTD:gshandlereh4.obj
 0001:00006b00       __security_check_cookie    0000000140007b00 f   MSVCRTD:amdsecgs.obj
 0001:00006b30       ??1type_info@@UEAA@XZ      0000000140007b30 f   MSVCRTD:std_type_info_static.obj
 0001:00006b50       ??_Gtype_info@@UEAAPEAXI@Z 0000000140007b50 f i MSVCRTD:std_type_info_static.obj
 0001:00006b50       ??_Etype_info@@UEAAPEAXI@Z 0000000140007b50 f i MSVCRTD:std_type_info_static.obj
 0001:00006ef0       ?configure_argv@__scrt_narrow_argv_policy@@SAHXZ 0000000140007ef0 f i MSVCRTD:exe_main.obj
 0001:00006f10       ?initialize_environment@__scrt_narrow_environment_policy@@SAHXZ 0000000140007f10 f i MSVCRTD:exe_main.obj
 0001:00006f80       ?set_app_type@__scrt_main_policy@@SAXXZ 0000000140007f80 f i MSVCRTD:exe_main.obj
 0001:00006fa0       ?set_commode@__scrt_file_policy@@SAXXZ 0000000140007fa0 f i MSVCRTD:exe_main.obj
 0001:00006fd0       ?set_fmode@__scrt_file_policy@@SAXXZ 0000000140007fd0 f i MSVCRTD:exe_main.obj
 0001:00006ff0       mainCRTStartup             0000000140007ff0 f   MSVCRTD:exe_main.obj
 0001:000071c0       NtCurrentTeb               00000001400081c0 f i MSVCRTD:utility.obj
 0001:000071d0       __scrt_acquire_startup_lock 00000001400081d0 f   MSVCRTD:utility.obj
 0001:00007250       __scrt_dllmain_after_initialize_c 0000000140008250 f   MSVCRTD:utility.obj
 0001:00007290       __scrt_dllmain_before_initialize_c 0000000140008290 f   MSVCRTD:utility.obj
 0001:000072c0       __scrt_dllmain_crt_thread_attach 00000001400082c0 f   MSVCRTD:utility.obj
 0001:00007300       __scrt_dllmain_crt_thread_detach 0000000140008300 f   MSVCRTD:utility.obj
 0001:00007320       __scrt_dllmain_exception_filter 0000000140008320 f   MSVCRTD:utility.obj
 0001:000073a0       __scrt_dllmain_uninitialize_c 00000001400083a0 f   MSVCRTD:utility.obj
 0001:000073e0       __scrt_dllmain_uninitialize_critical 00000001400083e0 f   MSVCRTD:utility.obj
 0001:00007400       __scrt_initialize_crt      0000000140008400 f   MSVCRTD:utility.obj
 0001:00007460       __scrt_initialize_onexit_tables 0000000140008460 f   MSVCRTD:utility.obj
 0001:000075b0       __scrt_is_nonwritable_in_current_image 00000001400085b0 f   MSVCRTD:utility.obj
 0001:00007660       __scrt_release_startup_lock 0000000140008660 f   MSVCRTD:utility.obj
 0001:000076a0       __scrt_uninitialize_crt    00000001400086a0 f   MSVCRTD:utility.obj
 0001:000076f0       _onexit                    00000001400086f0 f   MSVCRTD:utility.obj
 0001:00007790       at_quick_exit              0000000140008790 f   MSVCRTD:utility.obj
 0001:000077f0       atexit                     00000001400087f0 f   MSVCRTD:utility.obj
 0001:00007830       _guard_check_icall_nop     0000000140008830 f i MSVCRTD:guard_support.obj
 0001:00007840       ReadNoFence64              0000000140008840 f i MSVCRTD:guard_support.obj
 0001:00007870       ReadPointerNoFence         0000000140008870 f i MSVCRTD:guard_support.obj
 0001:00007890       __castguard_check_failure_debugbreak 0000000140008890 f i MSVCRTD:guard_support.obj
 0001:000078c0       __castguard_check_failure_fastfail 00000001400088c0 f i MSVCRTD:guard_support.obj
 0001:000078f0       __castguard_check_failure_nop 00000001400088f0 f i MSVCRTD:guard_support.obj
 0001:00007900       __castguard_check_failure_os_handled 0000000140008900 f i MSVCRTD:guard_support.obj
 0001:000079f0       __castguard_slow_path_check_debugbreak 00000001400089f0 f i MSVCRTD:guard_support.obj
 0001:00007a40       __castguard_slow_path_check_fastfail 0000000140008a40 f i MSVCRTD:guard_support.obj
 0001:00007aa0       __castguard_slow_path_check_nop 0000000140008aa0 f i MSVCRTD:guard_support.obj
 0001:00007ac0       __castguard_slow_path_check_os_handled 0000000140008ac0 f i MSVCRTD:guard_support.obj
 0001:00007bd0       _guard_icall_checks_enforced 0000000140008bd0 f i MSVCRTD:guard_support.obj
 0001:00007c20       _guard_rf_checks_enforced  0000000140008c20 f i MSVCRTD:guard_support.obj
 0001:00007c30       ??0bad_alloc@std@@QEAA@XZ  0000000140008c30 f i MSVCRTD:throw_bad_alloc.obj
 0001:00007c80       ?__scrt_throw_std_bad_alloc@@YAXXZ 0000000140008c80 f   MSVCRTD:throw_bad_alloc.obj
 0001:00007cb0       ?__scrt_throw_std_bad_array_new_length@@YAXXZ 0000000140008cb0 f   MSVCRTD:throw_bad_alloc.obj
 0001:00007ce0       ??3@YAXPEAX@Z              0000000140008ce0 f   MSVCRTD:delete_scalar.obj
 0001:00007dc0       ?_RTC_AllocaFailure@@YAXPEAXPEAU_RTC_ALLOCA_NODE@@H@Z 0000000140008dc0 f   MSVCRTD:error.obj
 0001:00007f70       ?_RTC_Failure@@YAXPEAXH@Z  0000000140008f70 f   MSVCRTD:error.obj
 0001:00007fe0       ?_RTC_StackFailure@@YAXPEAXPEBD@Z 0000000140008fe0 f   MSVCRTD:error.obj
 0001:00008520       _RTC_UninitUse             0000000140009520 f   MSVCRTD:error.obj
 0001:00008620       __local_stdio_printf_options 0000000140009620 f i MSVCRTD:error.obj
 0001:00008630       _vsprintf_s_l              0000000140009630 f i MSVCRTD:error.obj
 0001:000086b0       sprintf_s                  00000001400096b0 f i MSVCRTD:error.obj
 0001:000086e0       ?_RTC_GetErrorFunc@@YAP6AHHPEBDH00ZZPEBX@Z 00000001400096e0 f   MSVCRTD:userapi.obj
 0001:000086f0       ?_RTC_GetErrorFuncW@@YAP6AHHPEB_WH00ZZPEBX@Z 00000001400096f0 f   MSVCRTD:userapi.obj
 0001:00008700       _RTC_GetErrDesc            0000000140009700 f   MSVCRTD:userapi.obj
 0001:00008720       _RTC_NumErrors             0000000140009720 f   MSVCRTD:userapi.obj
 0001:00008730       _RTC_SetErrorFunc          0000000140009730 f   MSVCRTD:userapi.obj
 0001:00008750       _RTC_SetErrorFuncW         0000000140009750 f   MSVCRTD:userapi.obj
 0001:00008770       _RTC_SetErrorType          0000000140009770 f   MSVCRTD:userapi.obj
 0001:000087a0       __raise_securityfailure    00000001400097a0 f   MSVCRTD:gs_report.obj
 0001:000087f0       __report_gsfailure         00000001400097f0 f   MSVCRTD:gs_report.obj
 0001:00008900       __report_rangecheckfailure 0000000140009900 f   MSVCRTD:gs_report.obj
 0001:00008920       __report_securityfailure   0000000140009920 f   MSVCRTD:gs_report.obj
 0001:000089f0       __report_securityfailureEx 00000001400099f0 f   MSVCRTD:gs_report.obj
 0001:00008de0       __security_init_cookie     0000000140009de0 f   MSVCRTD:gs_support.obj
 0001:00008e80       _matherr                   0000000140009e80 f   MSVCRTD:matherr.obj
 0001:00008e90       _get_startup_argv_mode     0000000140009e90 f   MSVCRTD:argv_mode.obj
 0001:00008ea0       _get_startup_commit_mode   0000000140009ea0 f   MSVCRTD:commit_mode.obj
 0001:00008eb0       _get_startup_file_mode     0000000140009eb0 f   MSVCRTD:file_mode.obj
 0001:00008ec0       _get_startup_new_mode      0000000140009ec0 f   MSVCRTD:new_mode.obj
 0001:00008ed0       _get_startup_thread_locale_mode 0000000140009ed0 f   MSVCRTD:thread_locale.obj
 0001:00008ee0       ?__scrt_initialize_type_info@@YAXXZ 0000000140009ee0 f   MSVCRTD:tncleanup.obj
 0001:00008f00       ?__scrt_uninitialize_type_info@@YAXXZ 0000000140009f00 f   MSVCRTD:tncleanup.obj
 0001:00008f20       _should_initialize_environment 0000000140009f20 f   MSVCRTD:env_mode.obj
 0001:00008f30       _initialize_invalid_parameter_handler 0000000140009f30 f   MSVCRTD:invalid_parameter_handler.obj
 0001:00008f40       _initialize_denormal_control 0000000140009f40 f   MSVCRTD:denormal_control.obj
 0001:00008f50       __local_stdio_scanf_options 0000000140009f50 f i MSVCRTD:default_local_stdio_options.obj
 0001:00008f60       __scrt_initialize_default_local_stdio_options 0000000140009f60 f   MSVCRTD:default_local_stdio_options.obj
 0001:00008fc0       __scrt_is_user_matherr_present 0000000140009fc0 f   MSVCRTD:matherr_detection.obj
 0001:00008ff0       __scrt_get_dyn_tls_init_callback 0000000140009ff0 f   MSVCRTD:dyn_tls_init.obj
 0001:00009000       __scrt_get_dyn_tls_dtor_callback 000000014000a000 f   MSVCRTD:dyn_tls_dtor.obj
 0001:00009010       __crt_debugger_hook        000000014000a010 f   MSVCRTD:utility_desktop.obj
 0001:00009030       __scrt_fastfail            000000014000a030 f   MSVCRTD:utility_desktop.obj
 0001:00009230       __scrt_get_show_window_mode 000000014000a230 f   MSVCRTD:utility_desktop.obj
 0001:000092a0       __scrt_initialize_mta      000000014000a2a0 f   MSVCRTD:utility_desktop.obj
 0001:000092c0       __scrt_initialize_winrt    000000014000a2c0 f   MSVCRTD:utility_desktop.obj
 0001:000092d0       __scrt_is_managed_app      000000014000a2d0 f   MSVCRTD:utility_desktop.obj
 0001:000093a0       __scrt_set_unhandled_exception_filter 000000014000a3a0 f   MSVCRTD:utility_desktop.obj
 0001:000093c0       __scrt_exe_initialize_mta  000000014000a3c0 f   MSVCRTD:utility_desktop.obj
 0001:000093c0       __scrt_stub_for_initialize_mta 000000014000a3c0 f   MSVCRTD:utility_desktop.obj
 0001:000093d0       __scrt_unhandled_exception_filter 000000014000a3d0 f   MSVCRTD:utility_desktop.obj
 0001:00009490       _RTC_Initialize            000000014000a490 f   MSVCRTD:initsect.obj
 0001:000094f0       _RTC_Terminate             000000014000a4f0 f   MSVCRTD:initsect.obj
 0001:00009550       __isa_available_init       000000014000a550 f   MSVCRTD:cpu_disp.obj
 0001:000099d0       __scrt_is_ucrt_dll_in_use  000000014000a9d0 f   MSVCRTD:ucrt_detection.obj
 0001:0000a050       ?_RTC_GetSrcLine@@YAHPEAEPEA_WKPEAH1K@Z 000000014000b050 f   MSVCRTD:pdblkup.obj
 0001:0000a506       memcpy                     000000014000b506 f   vcruntimed:VCRUNTIME140D.dll
 0001:0000a50c       __std_exception_copy       000000014000b50c f   vcruntimed:VCRUNTIME140D.dll
 0001:0000a512       __std_exception_destroy    000000014000b512 f   vcruntimed:VCRUNTIME140D.dll
 0001:0000a518       _CxxThrowException         000000014000b518 f   vcruntimed:VCRUNTIME140D.dll
 0001:0000a51e       __CxxFrameHandler4         000000014000b51e f   vcruntimed:VCRUNTIME140_1D.dll
 0001:0000a524       __C_specific_handler       000000014000b524 f   vcruntimed:VCRUNTIME140D.dll
 0001:0000a52a       __C_specific_handler_noexcept 000000014000b52a f   vcruntimed:VCRUNTIME140D.dll
 0001:0000a530       __std_type_info_destroy_list 000000014000b530 f   vcruntimed:VCRUNTIME140D.dll
 0001:0000a536       __current_exception        000000014000b536 f   vcruntimed:VCRUNTIME140D.dll
 0001:0000a53c       __current_exception_context 000000014000b53c f   vcruntimed:VCRUNTIME140D.dll
 0001:0000a542       __vcrt_GetModuleFileNameW  000000014000b542 f   vcruntimed:VCRUNTIME140D.dll
 0001:0000a548       __vcrt_GetModuleHandleW    000000014000b548 f   vcruntimed:VCRUNTIME140D.dll
 0001:0000a54e       __vcrt_LoadLibraryExW      000000014000b54e f   vcruntimed:VCRUNTIME140D.dll
 0001:0000a554       _invalid_parameter         000000014000b554 f   ucrtd:ucrtbased.dll
 0001:0000a55a       _calloc_dbg                000000014000b55a f   ucrtd:ucrtbased.dll
 0001:0000a560       _CrtDbgReport              000000014000b560 f   ucrtd:ucrtbased.dll
 0001:0000a566       __acrt_iob_func            000000014000b566 f   ucrtd:ucrtbased.dll
 0001:0000a56c       fclose                     000000014000b56c f   ucrtd:ucrtbased.dll
 0001:0000a572       fflush                     000000014000b572 f   ucrtd:ucrtbased.dll
 0001:0000a578       _fileno                    000000014000b578 f   ucrtd:ucrtbased.dll
 0001:0000a57e       fread                      000000014000b57e f   ucrtd:ucrtbased.dll
 0001:0000a584       _fsopen                    000000014000b584 f   ucrtd:ucrtbased.dll
 0001:0000a58a       fwrite                     000000014000b58a f   ucrtd:ucrtbased.dll
 0001:0000a590       wcslen                     000000014000b590 f   ucrtd:ucrtbased.dll
 0001:0000a596       strlen                     000000014000b596 f   ucrtd:ucrtbased.dll
 0001:0000a59c       _setmode                   000000014000b59c f   ucrtd:ucrtbased.dll
 0001:0000a5a2       _free_dbg                  000000014000b5a2 f   ucrtd:ucrtbased.dll
 0001:0000a5a8       _malloc_dbg                000000014000b5a8 f   ucrtd:ucrtbased.dll
 0001:0000a5ae       _callnewh                  000000014000b5ae f   ucrtd:ucrtbased.dll
 0001:0000a5b4       malloc                     000000014000b5b4 f   ucrtd:ucrtbased.dll
 0001:0000a5ba       _CrtDbgReportW             000000014000b5ba f   ucrtd:ucrtbased.dll
 0001:0000a5c0       _seh_filter_exe            000000014000b5c0 f   ucrtd:ucrtbased.dll
 0001:0000a5c6       _set_app_type              000000014000b5c6 f   ucrtd:ucrtbased.dll
 0001:0000a5cc       __setusermatherr           000000014000b5cc f   ucrtd:ucrtbased.dll
 0001:0000a5d2       _configure_narrow_argv     000000014000b5d2 f   ucrtd:ucrtbased.dll
 0001:0000a5d8       _initialize_narrow_environment 000000014000b5d8 f   ucrtd:ucrtbased.dll
 0001:0000a5de       _get_initial_narrow_environment 000000014000b5de f   ucrtd:ucrtbased.dll
 0001:0000a5e4       _initterm                  000000014000b5e4 f   ucrtd:ucrtbased.dll
 0001:0000a5ea       _initterm_e                000000014000b5ea f   ucrtd:ucrtbased.dll
 0001:0000a5f0       exit                       000000014000b5f0 f   ucrtd:ucrtbased.dll
 0001:0000a5f6       _exit                      000000014000b5f6 f   ucrtd:ucrtbased.dll
 0001:0000a5fc       _set_fmode                 000000014000b5fc f   ucrtd:ucrtbased.dll
 0001:0000a602       __p___argc                 000000014000b602 f   ucrtd:ucrtbased.dll
 0001:0000a608       __p___argv                 000000014000b608 f   ucrtd:ucrtbased.dll
 0001:0000a60e       _cexit                     000000014000b60e f   ucrtd:ucrtbased.dll
 0001:0000a614       _c_exit                    000000014000b614 f   ucrtd:ucrtbased.dll
 0001:0000a61a       _register_thread_local_exe_atexit_callback 000000014000b61a f   ucrtd:ucrtbased.dll
 0001:0000a620       _configthreadlocale        000000014000b620 f   ucrtd:ucrtbased.dll
 0001:0000a626       _set_new_mode              000000014000b626 f   ucrtd:ucrtbased.dll
 0001:0000a62c       __p__commode               000000014000b62c f   ucrtd:ucrtbased.dll
 0001:0000a632       _seh_filter_dll            000000014000b632 f   ucrtd:ucrtbased.dll
 0001:0000a638       _initialize_onexit_table   000000014000b638 f   ucrtd:ucrtbased.dll
 0001:0000a63e       _register_onexit_function  000000014000b63e f   ucrtd:ucrtbased.dll
 0001:0000a644       _execute_onexit_table      000000014000b644 f   ucrtd:ucrtbased.dll
 0001:0000a64a       _crt_atexit                000000014000b64a f   ucrtd:ucrtbased.dll
 0001:0000a650       _crt_at_quick_exit         000000014000b650 f   ucrtd:ucrtbased.dll
 0001:0000a656       strcpy_s                   000000014000b656 f   ucrtd:ucrtbased.dll
 0001:0000a65c       strcat_s                   000000014000b65c f   ucrtd:ucrtbased.dll
 0001:0000a662       __stdio_common_vsprintf_s  000000014000b662 f   ucrtd:ucrtbased.dll
 0001:0000a668       terminate                  000000014000b668 f   ucrtd:ucrtbased.dll
 0001:0000a66e       _wmakepath_s               000000014000b66e f   ucrtd:ucrtbased.dll
 0001:0000a674       _wsplitpath_s              000000014000b674 f   ucrtd:ucrtbased.dll
 0001:0000a67a       wcscpy_s                   000000014000b67a f   ucrtd:ucrtbased.dll
 0001:0000a680       IsDebuggerPresent          000000014000b680 f   kernel32:KERNEL32.dll
 0001:0000a686       RaiseException             000000014000b686 f   kernel32:KERNEL32.dll
 0001:0000a68c       MultiByteToWideChar        000000014000b68c f   kernel32:KERNEL32.dll
 0001:0000a692       WideCharToMultiByte        000000014000b692 f   kernel32:KERNEL32.dll
 0001:0000a698       RtlCaptureContext          000000014000b698 f   kernel32:KERNEL32.dll
 0001:0000a69e       RtlLookupFunctionEntry     000000014000b69e f   kernel32:KERNEL32.dll
 0001:0000a6a4       RtlVirtualUnwind           000000014000b6a4 f   kernel32:KERNEL32.dll
 0001:0000a6aa       UnhandledExceptionFilter   000000014000b6aa f   kernel32:KERNEL32.dll
 0001:0000a6b0       SetUnhandledExceptionFilter 000000014000b6b0 f   kernel32:KERNEL32.dll
 0001:0000a6b6       GetCurrentProcess          000000014000b6b6 f   kernel32:KERNEL32.dll
 0001:0000a6bc       TerminateProcess           000000014000b6bc f   kernel32:KERNEL32.dll
 0001:0000a6c2       IsProcessorFeaturePresent  000000014000b6c2 f   kernel32:KERNEL32.dll
 0001:0000a6c8       QueryPerformanceCounter    000000014000b6c8 f   kernel32:KERNEL32.dll
 0001:0000a6ce       GetCurrentProcessId        000000014000b6ce f   kernel32:KERNEL32.dll
 0001:0000a6d4       GetCurrentThreadId         000000014000b6d4 f   kernel32:KERNEL32.dll
 0001:0000a6da       GetSystemTimeAsFileTime    000000014000b6da f   kernel32:KERNEL32.dll
 0001:0000a6e0       InitializeSListHead        000000014000b6e0 f   kernel32:KERNEL32.dll
 0001:0000a6e6       GetStartupInfoW            000000014000b6e6 f   kernel32:KERNEL32.dll
 0001:0000a6ec       GetModuleHandleW           000000014000b6ec f   kernel32:KERNEL32.dll
 0001:0000a6f2       GetLastError               000000014000b6f2 f   kernel32:KERNEL32.dll
 0001:0000a6f8       HeapAlloc                  000000014000b6f8 f   kernel32:KERNEL32.dll
 0001:0000a6fe       HeapFree                   000000014000b6fe f   kernel32:KERNEL32.dll
 0001:0000a704       GetProcessHeap             000000014000b704 f   kernel32:KERNEL32.dll
 0001:0000a70a       VirtualQuery               000000014000b70a f   kernel32:KERNEL32.dll
 0001:0000a710       FreeLibrary                000000014000b710 f   kernel32:KERNEL32.dll
 0001:0000a716       GetProcAddress             000000014000b716 f   kernel32:KERNEL32.dll
 0001:0000a720       __vcrt_initialize          000000014000b720 f   MSVCRTD:ucrt_stubs.obj
 0001:0000a720       __scrt_stub_for_acrt_initialize 000000014000b720 f   MSVCRTD:ucrt_stubs.obj
 0001:0000a720       __acrt_initialize          000000014000b720 f   MSVCRTD:ucrt_stubs.obj
 0001:0000a730       __scrt_stub_for_acrt_thread_attach 000000014000b730 f   MSVCRTD:ucrt_stubs.obj
 0001:0000a730       __acrt_thread_attach       000000014000b730 f   MSVCRTD:ucrt_stubs.obj
 0001:0000a730       __vcrt_thread_attach       000000014000b730 f   MSVCRTD:ucrt_stubs.obj
 0001:0000a740       __vcrt_thread_detach       000000014000b740 f   MSVCRTD:ucrt_stubs.obj
 0001:0000a740       __acrt_thread_detach       000000014000b740 f   MSVCRTD:ucrt_stubs.obj
 0001:0000a740       __scrt_stub_for_acrt_thread_detach 000000014000b740 f   MSVCRTD:ucrt_stubs.obj
 0001:0000a750       __vcrt_uninitialize        000000014000b750 f   MSVCRTD:ucrt_stubs.obj
 0001:0000a750       __scrt_stub_for_acrt_uninitialize 000000014000b750 f   MSVCRTD:ucrt_stubs.obj
 0001:0000a750       __acrt_uninitialize        000000014000b750 f   MSVCRTD:ucrt_stubs.obj
 0001:0000a760       __vcrt_uninitialize_critical 000000014000b760 f   MSVCRTD:ucrt_stubs.obj
 0001:0000a760       __acrt_uninitialize_critical 000000014000b760 f   MSVCRTD:ucrt_stubs.obj
 0001:0000a760       __scrt_stub_for_acrt_uninitialize_critical 000000014000b760 f   MSVCRTD:ucrt_stubs.obj
 0001:0000a770       __scrt_stub_for_is_c_termination_complete 000000014000b770 f   MSVCRTD:ucrt_stubs.obj
 0001:0000a770       _is_c_termination_complete 000000014000b770 f   MSVCRTD:ucrt_stubs.obj
 0001:0000baa0       _guard_dispatch_icall_nop  000000014000caa0 f   MSVCRTD:guard_dispatch.obj
 0001:0000bac0       _guard_xfg_dispatch_icall_nop 000000014000cac0 f   MSVCRTD:guard_xfg_dispatch.obj
 0002:00000000       __xc_a                     0000000140010000     MSVCRTD:initializers.obj
 0002:00000330       __xc_z                     0000000140010330     MSVCRTD:initializers.obj
 0002:00000440       __xi_a                     0000000140010440     MSVCRTD:initializers.obj
 0002:00000770       __xi_z                     0000000140010770     MSVCRTD:initializers.obj
 0002:00000880       __xp_a                     0000000140010880     MSVCRTD:initializers.obj
 0002:00000990       __xp_z                     0000000140010990     MSVCRTD:initializers.obj
 0002:00000aa0       __xt_a                     0000000140010aa0     MSVCRTD:initializers.obj
 0002:00000bb0       __xt_z                     0000000140010bb0     MSVCRTD:initializers.obj
 0002:00001e90       ??_7exception@std@@6B@     0000000140011e90     ClientBinaryFile.obj
 0002:00001ea8       ??_C@_0BC@EOODALEL@Unknown?5exception@ 0000000140011ea8     ClientBinaryFile.obj
 0002:00001ec8       ??_7bad_alloc@std@@6B@     0000000140011ec8     ClientBinaryFile.obj
 0002:00001ee8       ??_7bad_array_new_length@std@@6B@ 0000000140011ee8     ClientBinaryFile.obj
 0002:00001f00       ??_C@_0BF@KINCDENJ@bad?5array?5new?5length@ 0000000140011f00     ClientBinaryFile.obj
 0002:00001f20       ??_C@_0BB@FCMFBGOM@invalid?5argument@ 0000000140011f20     ClientBinaryFile.obj
 0002:00001f34       ??_C@_02DKCKIIND@?$CFs@    0000000140011f34     ClientBinaryFile.obj
 0002:00001f40       ??_C@_0GI@MNEMJBML@C?3?2Program?5Files?5?$CIx86?$CJ?2Microsof@ 0000000140011f40     ClientBinaryFile.obj
 0002:00001fc0       ??_C@_1NA@MJBOBEJL@?$AAC?$AA?3?$AA?2?$AAP?$AAr?$AAo?$AAg?$AAr?$AAa?$AAm?$AA?5?$AAF?$AAi?$AAl?$AAe@ 0000000140011fc0     ClientBinaryFile.obj
 0002:000020bc       ??_C@_11LOCGONAA@@         00000001400120bc     ClientBinaryFile.obj
 0002:000020c0       ??_C@_1CG@JNLFBNGN@?$AA?$CC?$AAi?$AAn?$AAv?$AAa?$AAl?$AAi?$AAd?$AA?5?$AAa?$AAr?$AAg?$AAu?$AAm?$AAe@ 00000001400120c0     ClientBinaryFile.obj
 0002:000020f0       ??_C@_0BA@JFNIOLAK@string?5too?5long@ 00000001400120f0     ClientBinaryFile.obj
 0002:00002110       ??_7bad_cast@std@@6B@      0000000140012110     ClientBinaryFile.obj
 0002:00002128       ??_C@_08EPJLHIJG@bad?5cast@ 0000000140012128     ClientBinaryFile.obj
 0002:00002140       ??_C@_0GI@GFIAKDGM@C?3?2Program?5Files?5?$CIx86?$CJ?2Microsof@ 0000000140012140     ClientBinaryFile.obj
 0002:000021c0       ??_C@_0GI@OGMNKBMN@C?3?2Program?5Files?5?$CIx86?$CJ?2Microsof@ 00000001400121c0     ClientBinaryFile.obj
 0002:00002240       ??_C@_0N@LPFKKEBD@?3AM?3am?3PM?3pm@ 0000000140012240     ClientBinaryFile.obj
 0002:00002250       ??_C@_0BI@CFPLBAOH@invalid?5string?5position@ 0000000140012250     ClientBinaryFile.obj
 0002:00002270       ??_C@_1BK@MHIKGOKE@?$AA?3?$AAA?$AAM?$AA?3?$AAa?$AAm?$AA?3?$AAP?$AAM?$AA?3?$AAp?$AAm@ 0000000140012270     ClientBinaryFile.obj
 0002:00002290       __real@0000000000000000    0000000140012290     ClientBinaryFile.obj
 0002:000022a0       __real@c000000000000000    00000001400122a0     ClientBinaryFile.obj
 0002:000022b0       __real@c008000000000000    00000001400122b0     ClientBinaryFile.obj
 0002:000022c0       __real@c010000000000000    00000001400122c0     ClientBinaryFile.obj
 0002:000022d0       ??_C@_0DK@PCBCHJKC@D?3?2a?2_work?21?2s?2src?2vctools?2crt?2@ 00000001400122d0     msvcprtd:locale0_implib.obj
 0002:00002320       ??_7type_info@@6B@         0000000140012320     MSVCRTD:std_type_info_static.obj
 0002:00002330       ??_C@_0P@GHFPNOJB@bad?5allocation@ 0000000140012330     MSVCRTD:throw_bad_alloc.obj
 0002:00002430       ??_C@_0NN@JMPELKLB@The?5value?5of?5ESP?5was?5not?5proper@ 0000000140012430     MSVCRTD:error.obj
 0002:00002540       ??_C@_0BBN@ELNNILBE@A?5cast?5to?5a?5smaller?5data?5type?5h@ 0000000140012540     MSVCRTD:error.obj
 0002:00002698       ??_C@_0BN@BPOGFMJL@Stack?5memory?5was?5corrupted?$AN?6@ 0000000140012698     MSVCRTD:error.obj
 0002:000026c0       ??_C@_0DG@DAJCDLPN@A?5local?5variable?5was?5used?5befor@ 00000001400126c0     MSVCRTD:error.obj
 0002:00002700       ??_C@_0CM@JMIDGKLA@Stack?5memory?5around?5_alloca?5was@ 0000000140012700     MSVCRTD:error.obj
 0002:00002738       ??_C@_0BO@CHIONIOI@Unknown?5Runtime?5Check?5Error?$AN?6@ 0000000140012738     MSVCRTD:error.obj
 0002:00002760       ??_C@_1GM@CNOOJIHC@?$AAR?$AAu?$AAn?$AAt?$AAi?$AAm?$AAe?$AA?5?$AAC?$AAh?$AAe?$AAc?$AAk?$AA?5?$AAE@ 0000000140012760     MSVCRTD:error.obj
 0002:000027f0       ??_C@_1EA@NFKNIFJP@?$AAR?$AAu?$AAn?$AA?9?$AAT?$AAi?$AAm?$AAe?$AA?5?$AAC?$AAh?$AAe?$AAc?$AAk?$AA?5@ 00000001400127f0     MSVCRTD:error.obj
 0002:00002840       ??_C@_0BB@PFFGGCJP@Unknown?5Filename@ 0000000140012840     MSVCRTD:error.obj
 0002:00002858       ??_C@_0BE@GNBOBNCK@Unknown?5Module?5Name@ 0000000140012858     MSVCRTD:error.obj
 0002:00002870       ??_C@_0CA@IODNCDPG@Run?9Time?5Check?5Failure?5?$CD?$CFd?5?9?5?$CFs@ 0000000140012870     MSVCRTD:error.obj
 0002:00002898       ??_C@_0CG@IAFNJNEE@Stack?5corrupted?5near?5unknown?5va@ 0000000140012898     MSVCRTD:error.obj
 0002:000028c8       ??_C@_05MKKEDADM@?$CF?42X?5@ 00000001400128c8     MSVCRTD:error.obj
 0002:000028d0       ??_C@_0EJ@LJKNEOLN@Stack?5area?5around?5_alloca?5memor@ 00000001400128d0     MSVCRTD:error.obj
 0002:00002928       ??_C@_01EEMJAFIK@?6@       0000000140012928     MSVCRTD:error.obj
 0002:0000292c       ??_C@_02LLMPMKNF@?$DO?5@   000000014001292c     MSVCRTD:error.obj
 0002:00002930       ??_C@_08OMAHNMHJ@?6Data?3?5?$DM@ 0000000140012930     MSVCRTD:error.obj
 0002:00002940       ??_C@_0CK@DKGBICFE@?6Allocation?5number?5within?5this?5@ 0000000140012940     MSVCRTD:error.obj
 0002:00002978       ??_C@_07DFDJCKFN@?6Size?3?5@ 0000000140012978     MSVCRTD:error.obj
 0002:00002988       ??_C@_0N@MHFFIMFG@?6Address?3?50x@ 0000000140012988     MSVCRTD:error.obj
 0002:000029a0       ??_C@_0EI@CLEPFNGI@Stack?5area?5around?5_alloca?5memor@ 00000001400129a0     MSVCRTD:error.obj
 0002:000029f8       ??_C@_0BK@ODNDAGKB@?$CFs?$CFs?$CFp?$CFs?$CFzd?$CFs?$CFd?$CFs?$CFs?$CFs?$CFs?$CFs@ 00000001400129f8     MSVCRTD:error.obj
 0002:00002a18       ??_C@_0DE@OHJBPMBP@A?5variable?5is?5being?5used?5withou@ 0000000140012a18     MSVCRTD:error.obj
 0002:00002a88       ??_C@_0BJ@HEGAHDFO@Stack?5pointer?5corruption@ 0000000140012a88     MSVCRTD:userapi.obj
 0002:00002aa8       ??_C@_0CK@FEGOIOPB@Cast?5to?5smaller?5type?5causing?5lo@ 0000000140012aa8     MSVCRTD:userapi.obj
 0002:00002ae0       ??_C@_0BI@CIGMDCBH@Stack?5memory?5corruption@ 0000000140012ae0     MSVCRTD:userapi.obj
 0002:00002b00       ??_C@_0CK@CNLNOEPB@Local?5variable?5used?5before?5init@ 0000000140012b00     MSVCRTD:userapi.obj
 0002:00002b38       ??_C@_0BP@OGBCLIBO@Stack?5around?5_alloca?5corrupted@ 0000000140012b38     MSVCRTD:userapi.obj
 0002:00002be0       ??_C@_1EI@MLPKHBGE@?$AAa?$AAp?$AAi?$AA?9?$AAm?$AAs?$AA?9?$AAw?$AAi?$AAn?$AA?9?$AAc?$AAo?$AAr?$AAe@ 0000000140012be0     MSVCRTD:pdblkup.obj
 0002:00002c38       ??_C@_1BK@JHLNAEJL@?$AAa?$AAd?$AAv?$AAa?$AAp?$AAi?$AA3?$AA2?$AA?4?$AAd?$AAl?$AAl@ 0000000140012c38     MSVCRTD:pdblkup.obj
 0002:00002c58       ??_C@_0O@COHOBMLB@RegOpenKeyExW@ 0000000140012c58     MSVCRTD:pdblkup.obj
 0002:00002c68       ??_C@_0BB@GLNAEDBD@RegQueryValueExW@ 0000000140012c68     MSVCRTD:pdblkup.obj
 0002:00002c80       ??_C@_0M@HLOHPNFA@RegCloseKey@ 0000000140012c80     MSVCRTD:pdblkup.obj
 0002:00002c90       ??_C@_1HE@EBEAGLFB@?$AAS?$AAO?$AAF?$AAT?$AAW?$AAA?$AAR?$AAE?$AA?2?$AAW?$AAo?$AAw?$AA6?$AA4?$AA3@ 0000000140012c90     MSVCRTD:pdblkup.obj
 0002:00002d20       ??_C@_1BG@EABPBLLF@?$AAP?$AAr?$AAo?$AAd?$AAu?$AAc?$AAt?$AAD?$AAi?$AAr@ 0000000140012d20     MSVCRTD:pdblkup.obj
 0002:00002d68       ??_C@_1BC@JINFINNJ@?$AAM?$AAS?$AAP?$AAD?$AAB?$AA1?$AA4?$AA0@ 0000000140012d68     MSVCRTD:pdblkup.obj
 0002:00002d80       ??_C@_0BB@KCIACLNC@PDBOpenValidate5@ 0000000140012d80     MSVCRTD:pdblkup.obj
 0002:00002d94       ??_C@_01KDCPPGHE@r@        0000000140012d94     MSVCRTD:pdblkup.obj
 0002:00002dd0       _load_config_used          0000000140012dd0     MSVCRTD:loadcfg.obj
 0002:00003100       __CastGuardVftablesStart   0000000140013100     MSVCRTD:guard_support.obj
 0002:00003210       __CastGuardVftablesEnd     0000000140013210     MSVCRTD:guard_support.obj
 0002:00003320       ??_R4exception@std@@6B@    0000000140013320     ClientBinaryFile.obj
 0002:00003350       ??_R3exception@std@@8      0000000140013350     ClientBinaryFile.obj
 0002:00003368       ??_R2exception@std@@8      0000000140013368     ClientBinaryFile.obj
 0002:00003378       ??_R1A@?0A@EA@exception@std@@8 0000000140013378     ClientBinaryFile.obj
 0002:000033a8       ??_R4bad_alloc@std@@6B@    00000001400133a8     ClientBinaryFile.obj
 0002:000033d8       ??_R3bad_alloc@std@@8      00000001400133d8     ClientBinaryFile.obj
 0002:000033f0       ??_R2bad_alloc@std@@8      00000001400133f0     ClientBinaryFile.obj
 0002:00003408       ??_R1A@?0A@EA@bad_alloc@std@@8 0000000140013408     ClientBinaryFile.obj
 0002:00003438       ??_R4bad_array_new_length@std@@6B@ 0000000140013438     ClientBinaryFile.obj
 0002:00003468       ??_R3bad_array_new_length@std@@8 0000000140013468     ClientBinaryFile.obj
 0002:00003480       ??_R2bad_array_new_length@std@@8 0000000140013480     ClientBinaryFile.obj
 0002:000034a8       ??_R1A@?0A@EA@bad_array_new_length@std@@8 00000001400134a8     ClientBinaryFile.obj
 0002:000034d8       ??_R4bad_cast@std@@6B@     00000001400134d8     ClientBinaryFile.obj
 0002:00003508       ??_R3bad_cast@std@@8       0000000140013508     ClientBinaryFile.obj
 0002:00003520       ??_R2bad_cast@std@@8       0000000140013520     ClientBinaryFile.obj
 0002:00003538       ??_R1A@?0A@EA@bad_cast@std@@8 0000000140013538     ClientBinaryFile.obj
 0002:00003568       ??_R4type_info@@6B@        0000000140013568     MSVCRTD:std_type_info_static.obj
 0002:00003598       ??_R3type_info@@8          0000000140013598     MSVCRTD:std_type_info_static.obj
 0002:000035b0       ??_R2type_info@@8          00000001400135b0     MSVCRTD:std_type_info_static.obj
 0002:000035c0       ??_R1A@?0A@EA@type_info@@8 00000001400135c0     MSVCRTD:std_type_info_static.obj
 0002:000038d0       __rtc_iaa                  00000001400138d0     MSVCRTD:initsect.obj
 0002:00003af0       __rtc_izz                  0000000140013af0     MSVCRTD:initsect.obj
 0002:00003c00       __rtc_taa                  0000000140013c00     MSVCRTD:initsect.obj
 0002:00003e20       __rtc_tzz                  0000000140013e20     MSVCRTD:initsect.obj
 0002:00004f38       _TI3?AVbad_array_new_length@std@@ 0000000140014f38     ClientBinaryFile.obj
 0002:00004f58       _CTA3?AVbad_array_new_length@std@@ 0000000140014f58     ClientBinaryFile.obj
 0002:00004f78       _CT??_R0?AVbad_array_new_length@std@@@8??0bad_array_new_length@std@@QEAA@AEBV01@@Z24 0000000140014f78     ClientBinaryFile.obj
 0002:00004fa0       _CT??_R0?AVbad_alloc@std@@@8??0bad_alloc@std@@QEAA@AEBV01@@Z24 0000000140014fa0     ClientBinaryFile.obj
 0002:00004fc8       _CT??_R0?AVexception@std@@@8??0exception@std@@QEAA@AEBV01@@Z24 0000000140014fc8     ClientBinaryFile.obj
 0002:00004ff0       _TI2?AVbad_cast@std@@      0000000140014ff0     ClientBinaryFile.obj
 0002:00005010       _CTA2?AVbad_cast@std@@     0000000140015010     ClientBinaryFile.obj
 0002:00005028       _CT??_R0?AVbad_cast@std@@@8??0bad_cast@std@@QEAA@AEBV01@@Z24 0000000140015028     ClientBinaryFile.obj
 0002:00005050       _TI2?AVbad_alloc@std@@     0000000140015050     MSVCRTD:throw_bad_alloc.obj
 0002:00005070       _CTA2?AVbad_alloc@std@@    0000000140015070     MSVCRTD:throw_bad_alloc.obj
 0003:00000000       ?path_serv@@3PEBDEB        0000000140016000     ClientBinaryFile.obj
 0003:00000008       ?path_client@@3PEBDEB      0000000140016008     ClientBinaryFile.obj
 0003:00000010       ?phi_inf@@3PEBDEB          0000000140016010     ClientBinaryFile.obj
 0003:00000020       __security_cookie_complement 0000000140016020     MSVCRTD:gs_cookie.obj
 0003:00000028       __security_cookie          0000000140016028     MSVCRTD:gs_cookie.obj
 0003:00000034       _fltused                   0000000140016034     MSVCRTD:fltused.obj
 0003:00000038       __scrt_native_dllmain_reason 0000000140016038     MSVCRTD:utility.obj
 0003:00000040       ?_RTC_ErrorLevels@@3PAHA   0000000140016040     MSVCRTD:error.obj
 0003:00000058       __scrt_default_matherr     0000000140016058     MSVCRTD:matherr.obj
 0003:00000060       __isa_available            0000000140016060     MSVCRTD:cpu_disp.obj
 0003:00000064       __isa_enabled              0000000140016064     MSVCRTD:cpu_disp.obj
 0003:00000068       __memcpy_nt_iters          0000000140016068     MSVCRTD:cpu_disp.obj
 0003:00000070       __memset_nt_iters          0000000140016070     MSVCRTD:cpu_disp.obj
 0003:00000080       __scrt_ucrt_dll_is_in_use  0000000140016080     MSVCRTD:ucrt_stubs.obj
 0003:00000190       ??_R0?AVbad_array_new_length@std@@@8 0000000140016190     ClientBinaryFile.obj
 0003:000001c8       ??_R0?AVbad_alloc@std@@@8  00000001400161c8     ClientBinaryFile.obj
 0003:000001f8       ??_R0?AVexception@std@@@8  00000001400161f8     ClientBinaryFile.obj
 0003:00000228       ??_R0?AVbad_cast@std@@@8   0000000140016228     ClientBinaryFile.obj
 0003:00000358       ??_R0?AVtype_info@@@8      0000000140016358     MSVCRTD:std_type_info_static.obj
 0003:00000480       ?_Psave@?$_Facetptr@V?$ctype@_W@std@@@std@@2PEBVfacet@locale@2@EB 0000000140016480     ClientBinaryFile.obj
 0003:000004a0       __scrt_current_native_startup_state 00000001400164a0     MSVCRTD:utility.obj
 0003:000004a8       __scrt_native_startup_lock 00000001400164a8     MSVCRTD:utility.obj
 0003:000004f8       __castguard_check_failure_os_handled_fptr 00000001400164f8     MSVCRTD:guard_support.obj
 0003:00000508       ?_OptionsStorage@?1??__local_stdio_printf_options@@9@4_KA 0000000140016508     MSVCRTD:error.obj
 0003:00000bc0       ?__type_info_root_node@@3U__type_info_node@@A 0000000140016bc0     MSVCRTD:tncleanup.obj
 0003:00000bd8       ?_OptionsStorage@?1??__local_stdio_scanf_options@@9@4_KA 0000000140016bd8     MSVCRTD:default_local_stdio_options.obj
 0003:00000be4       __scrt_debugger_hook_flag  0000000140016be4     MSVCRTD:utility_desktop.obj
 0003:00000be8       __favor                    0000000140016be8     MSVCRTD:cpu_disp.obj
 0003:00000c00       __dyn_tls_dtor_callback    0000000140016c00     <common>
 0003:00000c18       __dyn_tls_init_callback    0000000140016c18     <common>
 0005:00000000       __imp_IsDebuggerPresent    0000000140018000     kernel32:KERNEL32.dll
 0005:00000008       __imp_RaiseException       0000000140018008     kernel32:KERNEL32.dll
 0005:00000010       __imp_MultiByteToWideChar  0000000140018010     kernel32:KERNEL32.dll
 0005:00000018       __imp_WideCharToMultiByte  0000000140018018     kernel32:KERNEL32.dll
 0005:00000020       __imp_RtlCaptureContext    0000000140018020     kernel32:KERNEL32.dll
 0005:00000028       __imp_RtlLookupFunctionEntry 0000000140018028     kernel32:KERNEL32.dll
 0005:00000030       __imp_RtlVirtualUnwind     0000000140018030     kernel32:KERNEL32.dll
 0005:00000038       __imp_UnhandledExceptionFilter 0000000140018038     kernel32:KERNEL32.dll
 0005:00000040       __imp_SetUnhandledExceptionFilter 0000000140018040     kernel32:KERNEL32.dll
 0005:00000048       __imp_GetCurrentProcess    0000000140018048     kernel32:KERNEL32.dll
 0005:00000050       __imp_TerminateProcess     0000000140018050     kernel32:KERNEL32.dll
 0005:00000058       __imp_IsProcessorFeaturePresent 0000000140018058     kernel32:KERNEL32.dll
 0005:00000060       __imp_QueryPerformanceCounter 0000000140018060     kernel32:KERNEL32.dll
 0005:00000068       __imp_GetCurrentProcessId  0000000140018068     kernel32:KERNEL32.dll
 0005:00000070       __imp_GetCurrentThreadId   0000000140018070     kernel32:KERNEL32.dll
 0005:00000078       __imp_GetSystemTimeAsFileTime 0000000140018078     kernel32:KERNEL32.dll
 0005:00000080       __imp_InitializeSListHead  0000000140018080     kernel32:KERNEL32.dll
 0005:00000088       __imp_GetStartupInfoW      0000000140018088     kernel32:KERNEL32.dll
 0005:00000090       __imp_GetModuleHandleW     0000000140018090     kernel32:KERNEL32.dll
 0005:00000098       __imp_GetLastError         0000000140018098     kernel32:KERNEL32.dll
 0005:000000a0       __imp_HeapAlloc            00000001400180a0     kernel32:KERNEL32.dll
 0005:000000a8       __imp_HeapFree             00000001400180a8     kernel32:KERNEL32.dll
 0005:000000b0       __imp_GetProcessHeap       00000001400180b0     kernel32:KERNEL32.dll
 0005:000000b8       __imp_VirtualQuery         00000001400180b8     kernel32:KERNEL32.dll
 0005:000000c0       __imp_FreeLibrary          00000001400180c0     kernel32:KERNEL32.dll
 0005:000000c8       __imp_GetProcAddress       00000001400180c8     kernel32:KERNEL32.dll
 0005:000000d0       \177KERNEL32_NULL_THUNK_DATA 00000001400180d0     kernel32:KERNEL32.dll
 0005:00000150       __imp_?rdbuf@?$basic_ios@_WU?$char_traits@_W@std@@@std@@QEBAPEAV?$basic_streambuf@_WU?$char_traits@_W@std@@@2@XZ 0000000140018150     msvcprtd:MSVCP140D.dll
 0005:00000158       __imp_?fill@?$basic_ios@_WU?$char_traits@_W@std@@@std@@QEBA_WXZ 0000000140018158     msvcprtd:MSVCP140D.dll
 0005:00000160       __imp_?widen@?$basic_ios@_WU?$char_traits@_W@std@@@std@@QEBA_WD@Z 0000000140018160     msvcprtd:MSVCP140D.dll
 0005:00000168       __imp_?_Osfx@?$basic_ostream@_WU?$char_traits@_W@std@@@std@@QEAAXXZ 0000000140018168     msvcprtd:MSVCP140D.dll
 0005:00000170       __imp_??6?$basic_ostream@_WU?$char_traits@_W@std@@@std@@QEAAAEAV01@P6AAEAV01@AEAV01@@Z@Z 0000000140018170     msvcprtd:MSVCP140D.dll
 0005:00000178       __imp_??6?$basic_ostream@_WU?$char_traits@_W@std@@@std@@QEAAAEAV01@N@Z 0000000140018178     msvcprtd:MSVCP140D.dll
 0005:00000180       __imp_?tie@?$basic_ios@_WU?$char_traits@_W@std@@@std@@QEBAPEAV?$basic_ostream@_WU?$char_traits@_W@std@@@2@XZ 0000000140018180     msvcprtd:MSVCP140D.dll
 0005:00000188       __imp_?flush@?$basic_ostream@_WU?$char_traits@_W@std@@@std@@QEAAAEAV12@XZ 0000000140018188     msvcprtd:MSVCP140D.dll
 0005:00000190       __imp_?_Ipfx@?$basic_istream@_WU?$char_traits@_W@std@@@std@@QEAA_N_N@Z 0000000140018190     msvcprtd:MSVCP140D.dll
 0005:00000198       __imp_??5?$basic_istream@_WU?$char_traits@_W@std@@@std@@QEAAAEAV01@AEAH@Z 0000000140018198     msvcprtd:MSVCP140D.dll
 0005:000001a0       __imp_??5?$basic_istream@_WU?$char_traits@_W@std@@@std@@QEAAAEAV01@AEAN@Z 00000001400181a0     msvcprtd:MSVCP140D.dll
 0005:000001a8       __imp_?id@?$ctype@_W@std@@2V0locale@2@A 00000001400181a8     msvcprtd:MSVCP140D.dll
 0005:000001b0       __imp_?wcin@std@@3V?$basic_istream@_WU?$char_traits@_W@std@@@1@A 00000001400181b0     msvcprtd:MSVCP140D.dll
 0005:000001b8       __imp_?wcout@std@@3V?$basic_ostream@_WU?$char_traits@_W@std@@@1@A 00000001400181b8     msvcprtd:MSVCP140D.dll
 0005:000001c0       __imp_?setstate@?$basic_ios@_WU?$char_traits@_W@std@@@std@@QEAAXH_N@Z 00000001400181c0     msvcprtd:MSVCP140D.dll
 0005:000001c8       __imp_?sputn@?$basic_streambuf@_WU?$char_traits@_W@std@@@std@@QEAA_JPEB_W_J@Z 00000001400181c8     msvcprtd:MSVCP140D.dll
 0005:000001d0       __imp_?sputc@?$basic_streambuf@_WU?$char_traits@_W@std@@@std@@QEAAG_W@Z 00000001400181d0     msvcprtd:MSVCP140D.dll
 0005:000001d8       __imp_?snextc@?$basic_streambuf@_WU?$char_traits@_W@std@@@std@@QEAAGXZ 00000001400181d8     msvcprtd:MSVCP140D.dll
 0005:000001e0       __imp_?sgetc@?$basic_streambuf@_WU?$char_traits@_W@std@@@std@@QEAAGXZ 00000001400181e0     msvcprtd:MSVCP140D.dll
 0005:000001e8       __imp_?getloc@ios_base@std@@QEBA?AVlocale@2@XZ 00000001400181e8     msvcprtd:MSVCP140D.dll
 0005:000001f0       __imp_?width@ios_base@std@@QEAA_J_J@Z 00000001400181f0     msvcprtd:MSVCP140D.dll
 0005:000001f8       __imp_?width@ios_base@std@@QEBA_JXZ 00000001400181f8     msvcprtd:MSVCP140D.dll
 0005:00000200       __imp_?flags@ios_base@std@@QEBAHXZ 0000000140018200     msvcprtd:MSVCP140D.dll
 0005:00000208       __imp_?good@ios_base@std@@QEBA_NXZ 0000000140018208     msvcprtd:MSVCP140D.dll
 0005:00000210       __imp_?_Getcat@?$ctype@_W@std@@SA_KPEAPEBVfacet@locale@2@PEBV42@@Z 0000000140018210     msvcprtd:MSVCP140D.dll
 0005:00000218       __imp_?is@?$ctype@_W@std@@QEBA_NF_W@Z 0000000140018218     msvcprtd:MSVCP140D.dll
 0005:00000220       __imp_?_Getgloballocale@locale@std@@CAPEAV_Locimp@12@XZ 0000000140018220     msvcprtd:MSVCP140D.dll
 0005:00000228       __imp_??Bid@locale@std@@QEAA_KXZ 0000000140018228     msvcprtd:MSVCP140D.dll
 0005:00000230       __imp_?_W_Getmonths@_Locinfo@std@@QEBAPEBGXZ 0000000140018230     msvcprtd:MSVCP140D.dll
 0005:00000238       __imp_?_W_Getdays@_Locinfo@std@@QEBAPEBGXZ 0000000140018238     msvcprtd:MSVCP140D.dll
 0005:00000240       __imp_?_Getmonths@_Locinfo@std@@QEBAPEBDXZ 0000000140018240     msvcprtd:MSVCP140D.dll
 0005:00000248       __imp_?_Getdays@_Locinfo@std@@QEBAPEBDXZ 0000000140018248     msvcprtd:MSVCP140D.dll
 0005:00000250       __imp_?_Getcvt@_Locinfo@std@@QEBA?AU_Cvtvec@@XZ 0000000140018250     msvcprtd:MSVCP140D.dll
 0005:00000258       __imp__Mbrtowc             0000000140018258     msvcprtd:MSVCP140D.dll
 0005:00000260       __imp_?uncaught_exception@std@@YA_NXZ 0000000140018260     msvcprtd:MSVCP140D.dll
 0005:00000268       __imp_?_Xout_of_range@std@@YAXPEBD@Z 0000000140018268     msvcprtd:MSVCP140D.dll
 0005:00000270       __imp_?_Xlength_error@std@@YAXPEBD@Z 0000000140018270     msvcprtd:MSVCP140D.dll
 0005:00000278       __imp_?_Xbad_alloc@std@@YAXXZ 0000000140018278     msvcprtd:MSVCP140D.dll
 0005:00000280       __imp_??1_Lockit@std@@QEAA@XZ 0000000140018280     msvcprtd:MSVCP140D.dll
 0005:00000288       __imp_?put@?$basic_ostream@_WU?$char_traits@_W@std@@@std@@QEAAAEAV12@_W@Z 0000000140018288     msvcprtd:MSVCP140D.dll
 0005:00000290       __imp_??0_Lockit@std@@QEAA@H@Z 0000000140018290     msvcprtd:MSVCP140D.dll
 0005:00000298       \177MSVCP140D_NULL_THUNK_DATA 0000000140018298     msvcprtd:MSVCP140D.dll
 0005:00000330       __imp___std_exception_destroy 0000000140018330     vcruntimed:VCRUNTIME140D.dll
 0005:00000338       __imp__CxxThrowException   0000000140018338     vcruntimed:VCRUNTIME140D.dll
 0005:00000340       __imp___C_specific_handler 0000000140018340     vcruntimed:VCRUNTIME140D.dll
 0005:00000348       __imp___C_specific_handler_noexcept 0000000140018348     vcruntimed:VCRUNTIME140D.dll
 0005:00000350       __imp___std_type_info_destroy_list 0000000140018350     vcruntimed:VCRUNTIME140D.dll
 0005:00000358       __imp___current_exception  0000000140018358     vcruntimed:VCRUNTIME140D.dll
 0005:00000360       __imp___current_exception_context 0000000140018360     vcruntimed:VCRUNTIME140D.dll
 0005:00000368       __imp___vcrt_GetModuleFileNameW 0000000140018368     vcruntimed:VCRUNTIME140D.dll
 0005:00000370       __imp___vcrt_GetModuleHandleW 0000000140018370     vcruntimed:VCRUNTIME140D.dll
 0005:00000378       __imp___vcrt_LoadLibraryExW 0000000140018378     vcruntimed:VCRUNTIME140D.dll
 0005:00000380       __imp_memcpy               0000000140018380     vcruntimed:VCRUNTIME140D.dll
 0005:00000388       __imp___std_exception_copy 0000000140018388     vcruntimed:VCRUNTIME140D.dll
 0005:00000390       \177VCRUNTIME140D_NULL_THUNK_DATA 0000000140018390     vcruntimed:VCRUNTIME140D.dll
 0005:000003f8       __imp___CxxFrameHandler4   00000001400183f8     vcruntimed:VCRUNTIME140_1D.dll
 0005:00000400       \177VCRUNTIME140_1D_NULL_THUNK_DATA 0000000140018400     vcruntimed:VCRUNTIME140_1D.dll
 0005:00000458       __imp__exit                0000000140018458     ucrtd:ucrtbased.dll
 0005:00000460       __imp__set_fmode           0000000140018460     ucrtd:ucrtbased.dll
 0005:00000468       __imp___p___argc           0000000140018468     ucrtd:ucrtbased.dll
 0005:00000470       __imp___p___argv           0000000140018470     ucrtd:ucrtbased.dll
 0005:00000478       __imp__cexit               0000000140018478     ucrtd:ucrtbased.dll
 0005:00000480       __imp__c_exit              0000000140018480     ucrtd:ucrtbased.dll
 0005:00000488       __imp__register_thread_local_exe_atexit_callback 0000000140018488     ucrtd:ucrtbased.dll
 0005:00000490       __imp__configthreadlocale  0000000140018490     ucrtd:ucrtbased.dll
 0005:00000498       __imp__set_new_mode        0000000140018498     ucrtd:ucrtbased.dll
 0005:000004a0       __imp___p__commode         00000001400184a0     ucrtd:ucrtbased.dll
 0005:000004a8       __imp__seh_filter_dll      00000001400184a8     ucrtd:ucrtbased.dll
 0005:000004b0       __imp__initialize_onexit_table 00000001400184b0     ucrtd:ucrtbased.dll
 0005:000004b8       __imp__register_onexit_function 00000001400184b8     ucrtd:ucrtbased.dll
 0005:000004c0       __imp__execute_onexit_table 00000001400184c0     ucrtd:ucrtbased.dll
 0005:000004c8       __imp__crt_atexit          00000001400184c8     ucrtd:ucrtbased.dll
 0005:000004d0       __imp__crt_at_quick_exit   00000001400184d0     ucrtd:ucrtbased.dll
 0005:000004d8       __imp__initterm_e          00000001400184d8     ucrtd:ucrtbased.dll
 0005:000004e0       __imp_strcat_s             00000001400184e0     ucrtd:ucrtbased.dll
 0005:000004e8       __imp___stdio_common_vsprintf_s 00000001400184e8     ucrtd:ucrtbased.dll
 0005:000004f0       __imp_terminate            00000001400184f0     ucrtd:ucrtbased.dll
 0005:000004f8       __imp__wmakepath_s         00000001400184f8     ucrtd:ucrtbased.dll
 0005:00000500       __imp__wsplitpath_s        0000000140018500     ucrtd:ucrtbased.dll
 0005:00000508       __imp_wcscpy_s             0000000140018508     ucrtd:ucrtbased.dll
 0005:00000510       __imp__initialize_narrow_environment 0000000140018510     ucrtd:ucrtbased.dll
 0005:00000518       __imp_fwrite               0000000140018518     ucrtd:ucrtbased.dll
 0005:00000520       __imp__fsopen              0000000140018520     ucrtd:ucrtbased.dll
 0005:00000528       __imp_fread                0000000140018528     ucrtd:ucrtbased.dll
 0005:00000530       __imp__fileno              0000000140018530     ucrtd:ucrtbased.dll
 0005:00000538       __imp_fflush               0000000140018538     ucrtd:ucrtbased.dll
 0005:00000540       __imp_fclose               0000000140018540     ucrtd:ucrtbased.dll
 0005:00000548       __imp___acrt_iob_func      0000000140018548     ucrtd:ucrtbased.dll
 0005:00000550       __imp__CrtDbgReport        0000000140018550     ucrtd:ucrtbased.dll
 0005:00000558       __imp__calloc_dbg          0000000140018558     ucrtd:ucrtbased.dll
 0005:00000560       __imp__invalid_parameter   0000000140018560     ucrtd:ucrtbased.dll
 0005:00000568       __imp_exit                 0000000140018568     ucrtd:ucrtbased.dll
 0005:00000570       __imp__get_initial_narrow_environment 0000000140018570     ucrtd:ucrtbased.dll
 0005:00000578       __imp__configure_narrow_argv 0000000140018578     ucrtd:ucrtbased.dll
 0005:00000580       __imp___setusermatherr     0000000140018580     ucrtd:ucrtbased.dll
 0005:00000588       __imp__set_app_type        0000000140018588     ucrtd:ucrtbased.dll
 0005:00000590       __imp__seh_filter_exe      0000000140018590     ucrtd:ucrtbased.dll
 0005:00000598       __imp__CrtDbgReportW       0000000140018598     ucrtd:ucrtbased.dll
 0005:000005a0       __imp_malloc               00000001400185a0     ucrtd:ucrtbased.dll
 0005:000005a8       __imp__callnewh            00000001400185a8     ucrtd:ucrtbased.dll
 0005:000005b0       __imp__malloc_dbg          00000001400185b0     ucrtd:ucrtbased.dll
 0005:000005b8       __imp__initterm            00000001400185b8     ucrtd:ucrtbased.dll
 0005:000005c0       __imp__free_dbg            00000001400185c0     ucrtd:ucrtbased.dll
 0005:000005c8       __imp__setmode             00000001400185c8     ucrtd:ucrtbased.dll
 0005:000005d0       __imp_strcpy_s             00000001400185d0     ucrtd:ucrtbased.dll
 0005:000005d8       __imp_strlen               00000001400185d8     ucrtd:ucrtbased.dll
 0005:000005e0       __imp_wcslen               00000001400185e0     ucrtd:ucrtbased.dll
 0005:000005e8       \177ucrtbased_NULL_THUNK_DATA 00000001400185e8     ucrtd:ucrtbased.dll
 0005:00000690       __IMPORT_DESCRIPTOR_MSVCP140D 0000000140018690     msvcprtd:MSVCP140D.dll
 0005:000006a4       __IMPORT_DESCRIPTOR_VCRUNTIME140D 00000001400186a4     vcruntimed:VCRUNTIME140D.dll
 0005:000006b8       __IMPORT_DESCRIPTOR_VCRUNTIME140_1D 00000001400186b8     vcruntimed:VCRUNTIME140_1D.dll
 0005:000006cc       __IMPORT_DESCRIPTOR_ucrtbased 00000001400186cc     ucrtd:ucrtbased.dll
 0005:000006e0       __IMPORT_DESCRIPTOR_KERNEL32 00000001400186e0     kernel32:KERNEL32.dll
 0005:000006f4       __NULL_IMPORT_DESCRIPTOR   00000001400186f4     msvcprtd:MSVCP140D.dll
 0006:00000000       __guard_check_icall_fptr   000000014001a000     MSVCRTD:guard_support.obj
 0006:00000010       __guard_xfg_check_icall_fptr 000000014001a010     MSVCRTD:guard_support.obj
 0006:00000020       __guard_dispatch_icall_fptr 000000014001a020     MSVCRTD:guard_support.obj
 0006:00000030       __guard_xfg_dispatch_icall_fptr 000000014001a030     MSVCRTD:guard_support.obj
 0006:00000040       __guard_xfg_table_dispatch_icall_fptr 000000014001a040     MSVCRTD:guard_support.obj

 entry point at        0001:0000037a

 Static symbols

 0000:fffe6000       _volmd                     0000000140000000     ClientBinaryFile.obj
 0000:fffe6000       _volmd                     0000000140000000     ClientBinaryFile.obj
 0000:fffe6000       _volmd                     0000000140000000     ClientBinaryFile.obj
 0000:fffe6000       _volmd                     0000000140000000     ClientBinaryFile.obj
 0000:fffe6000       _volmd                     0000000140000000     ClientBinaryFile.obj
 0000:fffe6000       _volmd                     0000000140000000     ClientBinaryFile.obj
 0000:fffe6000       _volmd                     0000000140000000     ClientBinaryFile.obj
 0000:fffe6000       _volmd                     0000000140000000     ClientBinaryFile.obj
 0000:fffe6000       _volmd                     0000000140000000     ClientBinaryFile.obj
 0000:fffe6000       _volmd                     0000000140000000     ClientBinaryFile.obj
 0000:fffe6000       _volmd                     0000000140000000     ClientBinaryFile.obj
 0000:fffe6000       _volmd                     0000000140000000     ClientBinaryFile.obj
 0000:fffe6000       _volmd                     0000000140000000     ClientBinaryFile.obj
 0000:fffe6000       _volmd                     0000000140000000     ClientBinaryFile.obj
 0000:fffe6000       _volmd                     0000000140000000     ClientBinaryFile.obj
 0000:fffe6000       _volmd                     0000000140000000     ClientBinaryFile.obj
 0000:fffe6000       _volmd                     0000000140000000     ClientBinaryFile.obj
 0000:fffe6000       _volmd                     0000000140000000     ClientBinaryFile.obj
 0000:fffe6000       _volmd                     0000000140000000     ClientBinaryFile.obj
 0000:fffe6000       _volmd                     0000000140000000     ClientBinaryFile.obj
 0000:fffe6000       _volmd                     0000000140000000     MSVCRTD:cpu_disp.obj
[...]
 0002:00004528       $unwind$??R?$default_delete@V_Facet_base@std@@@std@@QEBAXPEAV_Facet_base@1@@Z 0000000140014528     ClientBinaryFile.obj
 0002:00004530       $unwind$??1?$unique_ptr@V_Facet_base@std@@U?$default_delete@V_Facet_base@std@@@2@@std@@QEAA@XZ 0000000140014530     ClientBinaryFile.obj
 0002:00004538       $unwind$?release@?$unique_ptr@V_Facet_base@std@@U?$default_delete@V_Facet_base@std@@@2@@std@@QEAAPEAV_Facet_base@2@XZ 0000000140014538     ClientBinaryFile.obj
 0002:00004540       $unwind$?_Get_first@?$_Compressed_pair@U?$default_delete@V_Facet_base@std@@@std@@PEAV_Facet_base@2@$00@std@@QEAAAEAU?$default_delete@V_Facet_base@std@@@2@XZ 0000000140014540     ClientBinaryFile.obj
 0002:00004548       $unwind$?__autoclassinit2@?$unique_ptr@V_Facet_base@std@@U?$default_delete@V_Facet_base@std@@@2@@std@@QEAAX_K@Z 0000000140014548     ClientBinaryFile.obj
 0002:00004550       $unwind$??$?0U?$default_delete@V_Facet_base@std@@@std@@$0A@@?$unique_ptr@V_Facet_base@std@@U?$default_delete@V_Facet_base@std@@@2@@std@@QEAA@PEAV_Facet_base@1@@Z 0000000140014550     ClientBinaryFile.obj
 0002:00004558       $unwind$??$move@AEAV?$basic_istream@_WU?$char_traits@_W@std@@@std@@@std@@YA$$QEAV?$basic_istream@_WU?$char_traits@_W@std@@@0@AEAV10@@Z 0000000140014558     ClientBinaryFile.obj
 0002:00004560       $unwind$??0_Sentry_base@?$basic_istream@_WU?$char_traits@_W@std@@@std@@QEAA@AEAV12@@Z 0000000140014560     ClientBinaryFile.obj
 0002:00004568       $unwind$??1_Sentry_base@?$basic_istream@_WU?$char_traits@_W@std@@@std@@QEAA@XZ 0000000140014568     ClientBinaryFile.obj
 0002:00004579       $cppxdata$??1_Sentry_base@?$basic_istream@_WU?$char_traits@_W@std@@@std@@QEAA@XZ 0000000140014579     ClientBinaryFile.obj
 0002:0000457e       $ip2state$??1_Sentry_base@?$basic_istream@_WU?$char_traits@_W@std@@@std@@QEAA@XZ 000000014001457e     ClientBinaryFile.obj
 0002:00004584       $unwind$??0sentry@?$basic_istream@_WU?$char_traits@_W@std@@@std@@QEAA@AEAV12@_N@Z 0000000140014584     ClientBinaryFile.obj
 0002:00004595       $cppxdata$??0sentry@?$basic_istream@_WU?$char_traits@_W@std@@@std@@QEAA@AEAV12@_N@Z 0000000140014595     ClientBinaryFile.obj
 0002:0000459e       $stateUnwindMap$??0sentry@?$basic_istream@_WU?$char_traits@_W@std@@@std@@QEAA@AEAV12@_N@Z 000000014001459e     ClientBinaryFile.obj
 0002:000045a4       $ip2state$??0sentry@?$basic_istream@_WU?$char_traits@_W@std@@@std@@QEAA@AEAV12@_N@Z 00000001400145a4     ClientBinaryFile.obj
 0002:000045ac       $unwind$?dtor$0@?0???0sentry@?$basic_istream@_WU?$char_traits@_W@std@@@std@@QEAA@AEAV12@_N@Z@4HA 00000001400145ac     ClientBinaryFile.obj
 0002:000045bc       $unwind$??Bsentry@?$basic_istream@_WU?$char_traits@_W@std@@@std@@QEBA_NXZ 00000001400145bc     ClientBinaryFile.obj
 0002:000045c4       $unwind$??1sentry@?$basic_istream@_WU?$char_traits@_W@std@@@std@@QEAA@XZ 00000001400145c4     ClientBinaryFile.obj
 0002:000045cc       $unwind$??$_Deallocate_plain@V?$allocator@U_Container_proxy@std@@@std@@@std@@YAXAEAV?$allocator@U_Container_proxy@std@@@0@QEAU_Container_proxy@0@@Z 00000001400145cc     ClientBinaryFile.obj
 0002:000045dd       $cppxdata$??$_Deallocate_plain@V?$allocator@U_Container_proxy@std@@@std@@@std@@YAXAEAV?$allocator@U_Container_proxy@std@@@0@QEAU_Container_proxy@0@@Z 00000001400145dd     ClientBinaryFile.obj
 0002:000045e2       $ip2state$??$_Deallocate_plain@V?$allocator@U_Container_proxy@std@@@std@@@std@@YAXAEAV?$allocator@U_Container_proxy@std@@@0@QEAU_Container_proxy@0@@Z 00000001400145e2     ClientBinaryFile.obj
 0002:000045e8       $unwind$??$addressof@PEA_W@std@@YAPEAPEA_WAEAPEA_W@Z 00000001400145e8     ClientBinaryFile.obj
 0002:000045f0       $unwind$??$_Voidify_iter@PEAPEA_W@std@@YAPEAXPEAPEA_W@Z 00000001400145f0     ClientBinaryFile.obj
 0002:000045f8       $unwind$??$_Allocate_manually_vector_aligned@U_Default_allocate_traits@std@@@std@@YAPEAX_K@Z 00000001400145f8     ClientBinaryFile.obj
 0002:00004600       $unwind$??$forward@AEBQEA_W@std@@YAAEBQEA_WAEBQEA_W@Z 0000000140014600     ClientBinaryFile.obj
 0002:00004608       $unwind$??$exchange@PEAV_Facet_base@std@@$$T@std@@YAPEAV_Facet_base@0@AEAPEAV10@$$QEA$$T@Z 0000000140014608     ClientBinaryFile.obj
 0002:00004610       $unwind$??$_Traits_equal@U?$char_traits@_W@std@@@std@@YA_NQEB_W_K01@Z 0000000140014610     ClientBinaryFile.obj
 0002:00004618       $unwind$??$?0AEAPEAV_Facet_base@std@@@?$_Compressed_pair@U?$default_delete@V_Facet_base@std@@@std@@PEAV_Facet_base@2@$00@std@@QEAA@U_Zero_then_variadic_args_t@1@AEAPEAV_Facet_base@1@@Z 0000000140014618     ClientBinaryFile.obj
 0002:00004620       $unwind$?deallocate@?$_Default_allocator_traits@V?$allocator@U_Container_proxy@std@@@std@@@std@@SAXAEAV?$allocator@U_Container_proxy@std@@@2@QEAU_Container_proxy@2@_K@Z 0000000140014620     ClientBinaryFile.obj
 0002:00004628       $unwind$??$forward@AEAPEAV_Facet_base@std@@@std@@YAAEAPEAV_Facet_base@0@AEAPEAV10@@Z 0000000140014628     ClientBinaryFile.obj
 0002:00004630       $unwind$?_Facet_Register@std@@YAXPEAV_Facet_base@1@@Z 0000000140014630     msvcprtd:locale0_implib.obj
 0002:00004641       $cppxdata$?_Facet_Register@std@@YAXPEAV_Facet_base@1@@Z 0000000140014641     msvcprtd:locale0_implib.obj
 0002:0000464a       $stateUnwindMap$?_Facet_Register@std@@YAXPEAV_Facet_base@1@@Z 000000014001464a     msvcprtd:locale0_implib.obj
 0002:00004650       $ip2state$?_Facet_Register@std@@YAXPEAV_Facet_base@1@@Z 0000000140014650     msvcprtd:locale0_implib.obj
 0002:00004658       $unwind$?dtor$0@?0??_Facet_Register@std@@YAXPEAV_Facet_base@1@@Z@4HA 0000000140014658     msvcprtd:locale0_implib.obj
 0002:00004660       $unwind$??1_Fac_node@std@@QEAA@XZ 0000000140014660     msvcprtd:locale0_implib.obj
 0002:00004668       $unwind$??2_Fac_node@std@@SAPEAX_K@Z 0000000140014668     msvcprtd:locale0_implib.obj
 0002:00004670       $unwind$??3_Fac_node@std@@SAXPEAX@Z 0000000140014670     msvcprtd:locale0_implib.obj
 0002:00004678       $unwind$??_G_Fac_node@std@@QEAAPEAXI@Z 0000000140014678     msvcprtd:locale0_implib.obj
 0002:00004680       $unwind$??1_Fac_tidy_reg_t@std@@QEAA@XZ 0000000140014680     msvcprtd:locale0_implib.obj
 0002:00004688       $unwind$??__F_Fac_tidy_reg@std@@YAXXZ 0000000140014688     msvcprtd:locale0_implib.obj
 0002:00004690       $unwind$??__F_Fac_tidy_reg@std@@YAXXZ 0000000140014690     msvcprtd:locale0_implib.obj
 0002:00004698       $unwind$??2@YAPEAX_K@Z     0000000140014698     MSVCRTD:new_scalar.obj
 0002:000046a0       $unwind$??3@YAXPEAX_K@Z    00000001400146a0     MSVCRTD:delete_scalar_size.obj
 0002:000046a8       $unwind$_RTC_CheckStackVars 00000001400146a8     MSVCRTD:stack.obj
 0002:000046bc       $chain$0$_RTC_CheckStackVars 00000001400146bc     MSVCRTD:stack.obj
 0002:000046d4       $chain$1$_RTC_CheckStackVars 00000001400146d4     MSVCRTD:stack.obj
 0002:000046e8       $unwind$_RTC_CheckStackVars2 00000001400146e8     MSVCRTD:stack.obj
 0002:000046f8       $chain$1$_RTC_CheckStackVars2 00000001400146f8     MSVCRTD:stack.obj
 0002:00004714       $chain$2$_RTC_CheckStackVars2 0000000140014714     MSVCRTD:stack.obj
 0002:0000472c       $chain$3$_RTC_CheckStackVars2 000000014001472c     MSVCRTD:stack.obj
 0002:00004744       $chain$4$_RTC_CheckStackVars2 0000000140014744     MSVCRTD:stack.obj
 0002:00004758       $chain$5$_RTC_CheckStackVars2 0000000140014758     MSVCRTD:stack.obj
 0002:0000476c       $chain$6$_RTC_CheckStackVars2 000000014001476c     MSVCRTD:stack.obj
 0002:00004780       $unwind$_RTC_AllocaHelper  0000000140014780     MSVCRTD:stack.obj
 0002:00004788       $chain$0$_RTC_AllocaHelper 0000000140014788     MSVCRTD:stack.obj
 0002:000047a0       $chain$1$_RTC_AllocaHelper 00000001400147a0     MSVCRTD:stack.obj
 0002:000047b4       $unwind$_RTC_Shutdown      00000001400147b4     MSVCRTD:init.obj
 0002:000047bc       $unwind$_RTC_InitBase      00000001400147bc     MSVCRTD:init.obj
 0002:000047c4       $unwind$__GSHandlerCheckCommon 00000001400147c4     MSVCRTD:gshandler.obj
 0002:000047cc       $unwind$__GSHandlerCheck   00000001400147cc     MSVCRTD:gshandler.obj
 0002:000047d4       $unwind$__GSHandlerCheck_EH4 00000001400147d4     MSVCRTD:gshandlereh4.obj
 0002:000047e0       $xdatasym                  00000001400147e0     MSVCRTD:amdsecgs.obj
 0002:000047e4       $unwind$??_Gtype_info@@UEAAPEAXI@Z 00000001400147e4     MSVCRTD:std_type_info_static.obj
 0002:000047ec       $unwind$?configure_argv@__scrt_narrow_argv_policy@@SAHXZ 00000001400147ec     MSVCRTD:exe_main.obj
 0002:000047f4       $unwind$?initialize_environment@__scrt_narrow_environment_policy@@SAHXZ 00000001400147f4     MSVCRTD:exe_main.obj
 0002:000047fc       $unwind$?set_app_type@__scrt_main_policy@@SAXXZ 00000001400147fc     MSVCRTD:exe_main.obj
 0002:00004804       $unwind$?set_fmode@__scrt_file_policy@@SAXXZ 0000000140014804     MSVCRTD:exe_main.obj
 0002:0000480c       $unwind$?set_commode@__scrt_file_policy@@SAXXZ 000000014001480c     MSVCRTD:exe_main.obj
 0002:00004814       $unwind$?invoke_main@@YAHXZ 0000000140014814     MSVCRTD:exe_main.obj
 0002:0000481c       $unwind$?pre_c_initialization@@YAHXZ 000000014001481c     MSVCRTD:exe_main.obj
 0002:00004824       $unwind$?post_pgo_initialization@@YAHXZ 0000000140014824     MSVCRTD:exe_main.obj
 0002:0000482c       $unwind$?pre_cpp_initialization@@YAXXZ 000000014001482c     MSVCRTD:exe_main.obj
 0002:00004834       $unwind$?__scrt_common_main_seh@@YAHXZ 0000000140014834     MSVCRTD:exe_main.obj
 0002:00004858       $unwind$?filt$0@?0??__scrt_common_main_seh@@YAHXZ@4HA 0000000140014858     MSVCRTD:exe_main.obj
 0002:00004860       $unwind$?__scrt_common_main@@YAHXZ 0000000140014860     MSVCRTD:exe_main.obj
 0002:00004868       $unwind$mainCRTStartup     0000000140014868     MSVCRTD:exe_main.obj
 0002:00004870       $unwind$atexit             0000000140014870     MSVCRTD:utility.obj
 0002:00004878       $unwind$_onexit            0000000140014878     MSVCRTD:utility.obj
 0002:00004880       $unwind$at_quick_exit      0000000140014880     MSVCRTD:utility.obj
 0002:00004888       $unwind$__scrt_is_nonwritable_in_current_image 0000000140014888     MSVCRTD:utility.obj
 0002:000048ac       $unwind$__scrt_is_nonwritable_in_current_image$filt$0 00000001400148ac     MSVCRTD:utility.obj
 0002:000048b4       $unwind$__scrt_acquire_startup_lock 00000001400148b4     MSVCRTD:utility.obj
 0002:000048bc       $unwind$__scrt_release_startup_lock 00000001400148bc     MSVCRTD:utility.obj
 0002:000048c4       $unwind$__scrt_initialize_crt 00000001400148c4     MSVCRTD:utility.obj
 0002:000048cc       $unwind$__scrt_uninitialize_crt 00000001400148cc     MSVCRTD:utility.obj
 0002:000048d4       $unwind$__scrt_initialize_onexit_tables 00000001400148d4     MSVCRTD:utility.obj
 0002:000048e4       $unwind$__scrt_dllmain_exception_filter 00000001400148e4     MSVCRTD:utility.obj
 0002:000048ec       $unwind$__scrt_dllmain_before_initialize_c 00000001400148ec     MSVCRTD:utility.obj
 0002:000048f4       $unwind$__scrt_dllmain_after_initialize_c 00000001400148f4     MSVCRTD:utility.obj
 0002:000048fc       $unwind$__scrt_dllmain_uninitialize_c 00000001400148fc     MSVCRTD:utility.obj
 0002:00004904       $unwind$__scrt_dllmain_uninitialize_critical 0000000140014904     MSVCRTD:utility.obj
 0002:0000490c       $unwind$__scrt_dllmain_crt_thread_attach 000000014001490c     MSVCRTD:utility.obj
 0002:00004914       $unwind$__scrt_dllmain_crt_thread_detach 0000000140014914     MSVCRTD:utility.obj
 0002:0000491c       $unwind$?is_potentially_valid_image_base@@YA_NQEAX@Z 000000014001491c     MSVCRTD:utility.obj
 0002:00004924       $unwind$?find_pe_section@@YAPEAU_IMAGE_SECTION_HEADER@@QEAE_K@Z 0000000140014924     MSVCRTD:utility.obj
 0002:0000492c       $unwind$ReadNoFence64      000000014001492c     MSVCRTD:guard_support.obj
 0002:00004934       $unwind$ReadPointerNoFence 0000000140014934     MSVCRTD:guard_support.obj
 0002:0000493c       $unwind$_guard_icall_checks_enforced 000000014001493c     MSVCRTD:guard_support.obj
 0002:00004944       $unwind$__castguard_compat_check 0000000140014944     MSVCRTD:guard_support.obj
 0002:0000494c       $unwind$__castguard_check_failure_debugbreak 000000014001494c     MSVCRTD:guard_support.obj
 0002:00004954       $unwind$__castguard_check_failure_fastfail 0000000140014954     MSVCRTD:guard_support.obj
 0002:0000495c       $unwind$__castguard_check_failure_os_handled 000000014001495c     MSVCRTD:guard_support.obj
 0002:00004964       $unwind$__castguard_slow_path_compat_check 0000000140014964     MSVCRTD:guard_support.obj
 0002:0000496c       $unwind$__castguard_slow_path_check_debugbreak 000000014001496c     MSVCRTD:guard_support.obj
 0002:00004974       $unwind$__castguard_slow_path_check_fastfail 0000000140014974     MSVCRTD:guard_support.obj
 0002:0000497c       $unwind$__castguard_slow_path_check_os_handled 000000014001497c     MSVCRTD:guard_support.obj
 0002:00004984       $unwind$??0bad_alloc@std@@QEAA@XZ 0000000140014984     MSVCRTD:throw_bad_alloc.obj
 0002:0000498c       $unwind$?__scrt_throw_std_bad_alloc@@YAXXZ 000000014001498c     MSVCRTD:throw_bad_alloc.obj
 0002:00004994       $unwind$?__scrt_throw_std_bad_array_new_length@@YAXXZ 0000000140014994     MSVCRTD:throw_bad_alloc.obj
 0002:0000499c       $unwind$??3@YAXPEAX@Z      000000014001499c     MSVCRTD:delete_scalar.obj
 0002:000049a4       $unwind$_RTC_UninitUse     00000001400149a4     MSVCRTD:error.obj
 0002:000049c0       $unwind$?_RTC_StackFailure@@YAXPEAXPEBD@Z 00000001400149c0     MSVCRTD:error.obj
 0002:000049e0       $unwind$?_RTC_AllocaFailure@@YAXPEAXPEAU_RTC_ALLOCA_NODE@@H@Z 00000001400149e0     MSVCRTD:error.obj
 0002:000049fc       $chain$0$?_RTC_AllocaFailure@@YAXPEAXPEAU_RTC_ALLOCA_NODE@@H@Z 00000001400149fc     MSVCRTD:error.obj
 0002:00004a14       $chain$1$?_RTC_AllocaFailure@@YAXPEAXPEAU_RTC_ALLOCA_NODE@@H@Z 0000000140014a14     MSVCRTD:error.obj
 0002:00004a28       $unwind$_vsprintf_s_l      0000000140014a28     MSVCRTD:error.obj
 0002:00004a40       $unwind$sprintf_s          0000000140014a40     MSVCRTD:error.obj
 0002:00004a48       $unwind$?notify_debugger@@YAXAEBUtagEXCEPTION_VISUALCPP_DEBUG_INFO@@@Z 0000000140014a48     MSVCRTD:error.obj
 0002:00004a6c       $unwind$?filt$0@?0??notify_debugger@@YAXAEBUtagEXCEPTION_VISUALCPP_DEBUG_INFO@@@Z@4HA 0000000140014a6c     MSVCRTD:error.obj
 0002:00004a74       $unwind$?DebuggerProbe@@YA_NK@Z 0000000140014a74     MSVCRTD:error.obj
 0002:00004a7c       $unwind$?DebuggerRuntime@@YA_NKHPEAXPEB_W@Z 0000000140014a7c     MSVCRTD:error.obj
 0002:00004a84       $unwind$?failwithmessage@@YAXPEAXHHPEBD@Z 0000000140014a84     MSVCRTD:error.obj
 0002:00004aac       $unwind$?_getMemBlockDataString@@YAXPEAD0PEBD_K@Z 0000000140014aac     MSVCRTD:error.obj
 0002:00004ac0       $chain$3$?_getMemBlockDataString@@YAXPEAD0PEBD_K@Z 0000000140014ac0     MSVCRTD:error.obj
 0002:00004ae4       $chain$4$?_getMemBlockDataString@@YAXPEAD0PEBD_K@Z 0000000140014ae4     MSVCRTD:error.obj
 0002:00004af8       $unwind$__report_securityfailure 0000000140014af8     MSVCRTD:gs_report.obj
 0002:00004b00       $unwind$__report_securityfailureEx 0000000140014b00     MSVCRTD:gs_report.obj
 0002:00004b08       $unwind$__report_rangecheckfailure 0000000140014b08     MSVCRTD:gs_report.obj
 0002:00004b10       $unwind$__report_gsfailure 0000000140014b10     MSVCRTD:gs_report.obj
 0002:00004b18       $unwind$capture_current_context 0000000140014b18     MSVCRTD:gs_report.obj
 0002:00004b20       $unwind$capture_previous_context 0000000140014b20     MSVCRTD:gs_report.obj
 0002:00004b28       $unwind$__raise_securityfailure 0000000140014b28     MSVCRTD:gs_report.obj
 0002:00004b30       $unwind$__security_init_cookie 0000000140014b30     MSVCRTD:gs_support.obj
 0002:00004b38       $unwind$__get_entropy      0000000140014b38     MSVCRTD:gs_support.obj
 0002:00004b40       $unwind$?__scrt_initialize_type_info@@YAXXZ 0000000140014b40     MSVCRTD:tncleanup.obj
 0002:00004b48       $unwind$?__scrt_uninitialize_type_info@@YAXXZ 0000000140014b48     MSVCRTD:tncleanup.obj
 0002:00004b50       $unwind$__scrt_initialize_default_local_stdio_options 0000000140014b50     MSVCRTD:default_local_stdio_options.obj
 0002:00004b58       $unwind$__scrt_is_user_matherr_present 0000000140014b58     MSVCRTD:matherr_detection.obj
 0002:00004b60       $unwind$__scrt_get_show_window_mode 0000000140014b60     MSVCRTD:utility_desktop.obj
 0002:00004b70       $unwind$__scrt_is_managed_app 0000000140014b70     MSVCRTD:utility_desktop.obj
 0002:00004b78       $unwind$__scrt_initialize_mta 0000000140014b78     MSVCRTD:utility_desktop.obj
 0002:00004b80       $unwind$__scrt_set_unhandled_exception_filter 0000000140014b80     MSVCRTD:utility_desktop.obj
 0002:00004b88       $unwind$__scrt_fastfail    0000000140014b88     MSVCRTD:utility_desktop.obj
 0002:00004b98       $unwind$__scrt_unhandled_exception_filter 0000000140014b98     MSVCRTD:utility_desktop.obj
 0002:00004ba0       $unwind$_RTC_Initialize    0000000140014ba0     MSVCRTD:initsect.obj
 0002:00004bb0       $unwind$_RTC_Terminate     0000000140014bb0     MSVCRTD:initsect.obj
 0002:00004bc0       $unwind$__isa_available_init 0000000140014bc0     MSVCRTD:cpu_disp.obj
 0002:00004bd4       $unwind$__scrt_is_ucrt_dll_in_use 0000000140014bd4     MSVCRTD:ucrt_detection.obj
 0002:00004be0       $xdatasym                  0000000140014be0     MSVCRTD:guard_dispatch.obj
 0002:00004be8       $xdatasym                  0000000140014be8     MSVCRTD:guard_xfg_dispatch.obj
 0002:00004bec       $unwind$?_RTC_GetSrcLine@@YAHPEAEPEA_WKPEAH1K@Z 0000000140014bec     MSVCRTD:pdblkup.obj
 0002:00004c08       $unwind$?GetPdbDllFromInstallPath@@YAPEAUHINSTANCE__@@XZ 0000000140014c08     MSVCRTD:pdblkup.obj
 0002:00004c30       $unwind$?GetPdbDllPathFromFilePath@@YAHPEB_WPEA_W_K@Z 0000000140014c30     MSVCRTD:pdblkup.obj
 0002:00004c4c       $unwind$?GetPdbDll@@YAPEAUHINSTANCE__@@XZ 0000000140014c4c     MSVCRTD:pdblkup.obj
 0003:00000490       ?_Fac_head@std@@3PEAU_Fac_node@1@EA 0000000140016490     msvcprtd:locale0_implib.obj
 0003:00000498       ?_Fac_tidy_reg@std@@3U_Fac_tidy_reg_t@1@B 0000000140016498     msvcprtd:locale0_implib.obj
 0003:0000049a       ?init@?1??_RTC_InitBase@@9@4_NA 000000014001649a     MSVCRTD:init.obj
 0003:000004b0       ?is_initialized_as_dll@@3_NA 00000001400164b0     MSVCRTD:utility.obj
 0003:000004b1       ?module_local_atexit_table_initialized@@3_NA 00000001400164b1     MSVCRTD:utility.obj
 0003:000004b8       ?module_local_atexit_table@@3U_onexit_table_t@@A 00000001400164b8     MSVCRTD:utility.obj
 0003:000004d0       ?module_local_at_quick_exit_table@@3U_onexit_table_t@@A 00000001400164d0     MSVCRTD:utility.obj
 0003:00000518       ?_RTC_ErrorReportFunc@@3P6AHHPEBDH00ZZEA 0000000140016518     MSVCRTD:userapi.obj
 0003:00000520       ?_RTC_ErrorReportFuncW@@3P6AHHPEB_WH00ZZEA 0000000140016520     MSVCRTD:userapi.obj
 0003:00000530       GS_ExceptionRecord         0000000140016530     MSVCRTD:gs_report.obj
 0003:000005d0       GS_ContextRecord           00000001400165d0     MSVCRTD:gs_report.obj
 0003:00000bf0       ?mspdb@@3PEAUHINSTANCE__@@EA 0000000140016bf0     MSVCRTD:pdblkup.obj
 0003:00000bf9       ?alreadyTried@?1??GetPdbDll@@YAPEAUHINSTANCE__@@XZ@4_NA 0000000140016bf9     MSVCRTD:pdblkup.obj
 0003:00000bfa       ?PDBOK@?1??_RTC_GetSrcLine@@YAHPEAEPEA_WKPEAH1K@Z@4_NA 0000000140016bfa     MSVCRTD:pdblkup.obj
 0005:00001606       .idata$6                   0000000140019606     msvcprtd:MSVCP140D.dll
 0005:00001756       .idata$6                   0000000140019756     vcruntimed:VCRUNTIME140D.dll
 0005:00001768       .idata$6                   0000000140019768     vcruntimed:VCRUNTIME140_1D.dll
 0005:00001ab0       .idata$6                   0000000140019ab0     ucrtd:ucrtbased.dll
 0005:00001cd6       .idata$6                   0000000140019cd6     kernel32:KERNEL32.dll
 0007:00000170       $R000000                   000000014001b170     * linker generated manifest res *

 Exports

  ordinal    name

